Archive member included to satisfy reference by file (symbol)

C:/Users/gusta/.pico-sdk/toolchain/14_2_Rel1/bin/../lib/gcc/arm-none-eabi/14.2.1/thumb/v6-m/nofp\libgcc.a(_dvmd_tls.o)
                              CMakeFiles/joystick_read.dir/C_/Users/gusta/.pico-sdk/sdk/2.1.1/src/rp2_common/pico_divider/divider_hardware.S.obj (__aeabi_idiv0)
C:/Users/gusta/.pico-sdk/toolchain/14_2_Rel1/bin/../lib/gcc/arm-none-eabi/14.2.1/thumb/v6-m/nofp\libg.a(libc_a-calloc.o)
                              CMakeFiles/joystick_read.dir/C_/Users/gusta/.pico-sdk/sdk/2.1.1/src/rp2_common/pico_malloc/malloc.c.obj (calloc)
C:/Users/gusta/.pico-sdk/toolchain/14_2_Rel1/bin/../lib/gcc/arm-none-eabi/14.2.1/thumb/v6-m/nofp\libg.a(libc_a-callocr.o)
                              C:/Users/gusta/.pico-sdk/toolchain/14_2_Rel1/bin/../lib/gcc/arm-none-eabi/14.2.1/thumb/v6-m/nofp\libg.a(libc_a-calloc.o) (_calloc_r)
C:/Users/gusta/.pico-sdk/toolchain/14_2_Rel1/bin/../lib/gcc/arm-none-eabi/14.2.1/thumb/v6-m/nofp\libg.a(libc_a-malloc.o)
                              CMakeFiles/joystick_read.dir/C_/Users/gusta/.pico-sdk/sdk/2.1.1/src/rp2_common/pico_malloc/malloc.c.obj (malloc)
C:/Users/gusta/.pico-sdk/toolchain/14_2_Rel1/bin/../lib/gcc/arm-none-eabi/14.2.1/thumb/v6-m/nofp\libg.a(libc_a-mallocr.o)
                              C:/Users/gusta/.pico-sdk/toolchain/14_2_Rel1/bin/../lib/gcc/arm-none-eabi/14.2.1/thumb/v6-m/nofp\libg.a(libc_a-callocr.o) (_malloc_r)
C:/Users/gusta/.pico-sdk/toolchain/14_2_Rel1/bin/../lib/gcc/arm-none-eabi/14.2.1/thumb/v6-m/nofp\libg.a(libc_a-mlock.o)
                              C:/Users/gusta/.pico-sdk/toolchain/14_2_Rel1/bin/../lib/gcc/arm-none-eabi/14.2.1/thumb/v6-m/nofp\libg.a(libc_a-mallocr.o) (__malloc_lock)
C:/Users/gusta/.pico-sdk/toolchain/14_2_Rel1/bin/../lib/gcc/arm-none-eabi/14.2.1/thumb/v6-m/nofp\libg.a(libc_a-realloc.o)
                              CMakeFiles/joystick_read.dir/C_/Users/gusta/.pico-sdk/sdk/2.1.1/src/rp2_common/pico_malloc/malloc.c.obj (realloc)
C:/Users/gusta/.pico-sdk/toolchain/14_2_Rel1/bin/../lib/gcc/arm-none-eabi/14.2.1/thumb/v6-m/nofp\libg.a(libc_a-reallocr.o)
                              C:/Users/gusta/.pico-sdk/toolchain/14_2_Rel1/bin/../lib/gcc/arm-none-eabi/14.2.1/thumb/v6-m/nofp\libg.a(libc_a-realloc.o) (_realloc_r)
C:/Users/gusta/.pico-sdk/toolchain/14_2_Rel1/bin/../lib/gcc/arm-none-eabi/14.2.1/thumb/v6-m/nofp\libg.a(libc_a-memcmp.o)
                              CMakeFiles/joystick_read.dir/C_/Users/gusta/.pico-sdk/sdk/2.1.1/src/rp2_common/pico_atomic/atomic.c.obj (memcmp)
C:/Users/gusta/.pico-sdk/toolchain/14_2_Rel1/bin/../lib/gcc/arm-none-eabi/14.2.1/thumb/v6-m/nofp\libg.a(libc_a-memmove.o)
                              C:/Users/gusta/.pico-sdk/toolchain/14_2_Rel1/bin/../lib/gcc/arm-none-eabi/14.2.1/thumb/v6-m/nofp\libg.a(libc_a-reallocr.o) (memmove)
C:/Users/gusta/.pico-sdk/toolchain/14_2_Rel1/bin/../lib/gcc/arm-none-eabi/14.2.1/thumb/v6-m/nofp\libg.a(libc_a-lcltime_r.o)
                              CMakeFiles/joystick_read.dir/C_/Users/gusta/.pico-sdk/sdk/2.1.1/src/common/pico_util/datetime.c.obj (localtime_r)
C:/Users/gusta/.pico-sdk/toolchain/14_2_Rel1/bin/../lib/gcc/arm-none-eabi/14.2.1/thumb/v6-m/nofp\libg.a(libc_a-mktime.o)
                              CMakeFiles/joystick_read.dir/C_/Users/gusta/.pico-sdk/sdk/2.1.1/src/common/pico_util/datetime.c.obj (mktime)
C:/Users/gusta/.pico-sdk/toolchain/14_2_Rel1/bin/../lib/gcc/arm-none-eabi/14.2.1/thumb/v6-m/nofp\libg.a(libc_a-month_lengths.o)
                              C:/Users/gusta/.pico-sdk/toolchain/14_2_Rel1/bin/../lib/gcc/arm-none-eabi/14.2.1/thumb/v6-m/nofp\libg.a(libc_a-lcltime_r.o) (__month_lengths)
C:/Users/gusta/.pico-sdk/toolchain/14_2_Rel1/bin/../lib/gcc/arm-none-eabi/14.2.1/thumb/v6-m/nofp\libg.a(libc_a-tzcalc_limits.o)
                              C:/Users/gusta/.pico-sdk/toolchain/14_2_Rel1/bin/../lib/gcc/arm-none-eabi/14.2.1/thumb/v6-m/nofp\libg.a(libc_a-lcltime_r.o) (__tzcalc_limits)
C:/Users/gusta/.pico-sdk/toolchain/14_2_Rel1/bin/../lib/gcc/arm-none-eabi/14.2.1/thumb/v6-m/nofp\libg.a(libc_a-tzlock.o)
                              C:/Users/gusta/.pico-sdk/toolchain/14_2_Rel1/bin/../lib/gcc/arm-none-eabi/14.2.1/thumb/v6-m/nofp\libg.a(libc_a-lcltime_r.o) (__tz_lock)
C:/Users/gusta/.pico-sdk/toolchain/14_2_Rel1/bin/../lib/gcc/arm-none-eabi/14.2.1/thumb/v6-m/nofp\libg.a(libc_a-tzset.o)
                              C:/Users/gusta/.pico-sdk/toolchain/14_2_Rel1/bin/../lib/gcc/arm-none-eabi/14.2.1/thumb/v6-m/nofp\libg.a(libc_a-lcltime_r.o) (_tzset_unlocked)
C:/Users/gusta/.pico-sdk/toolchain/14_2_Rel1/bin/../lib/gcc/arm-none-eabi/14.2.1/thumb/v6-m/nofp\libg.a(libc_a-tzset_r.o)
                              C:/Users/gusta/.pico-sdk/toolchain/14_2_Rel1/bin/../lib/gcc/arm-none-eabi/14.2.1/thumb/v6-m/nofp\libg.a(libc_a-tzset.o) (_tzset_unlocked_r)
C:/Users/gusta/.pico-sdk/toolchain/14_2_Rel1/bin/../lib/gcc/arm-none-eabi/14.2.1/thumb/v6-m/nofp\libg.a(libc_a-tzvars.o)
[...]
Memory Configuration

Name             Origin             Length             Attributes
FLASH            0x10000000         0x00200000         xr
RAM              0x20000000         0x00040000         xrw
SCRATCH_X        0x20040000         0x00001000         xrw
SCRATCH_Y        0x20041000         0x00001000         xrw
*default*        0x00000000         0xffffffff

Linker script and memory map

LOAD C:/Users/gusta/.pico-sdk/toolchain/14_2_Rel1/bin/../lib/gcc/arm-none-eabi/14.2.1/thumb/v6-m/nofp/crti.o
LOAD C:/Users/gusta/.pico-sdk/toolchain/14_2_Rel1/bin/../lib/gcc/arm-none-eabi/14.2.1/thumb/v6-m/nofp/crtbegin.o
LOAD C:/Users/gusta/.pico-sdk/toolchain/14_2_Rel1/bin/../lib/gcc/arm-none-eabi/14.2.1/thumb/v6-m/nofp/crt0.o

.flash_begin    0x10000000        0x0
                0x10000000                        __flash_binary_start = .

.boot2          0x10000000      0x100
                0x10000000                        __boot2_start__ = .
 *(.boot2)
 .boot2         0x10000000      0x100 pico-sdk/src/rp2040/boot_stage2/CMakeFiles/bs2_default_library.dir/./bs2_default_padded_checksummed.S.obj
                0x10000100                        __boot2_end__ = .
                0x00000001                        ASSERT (((__boot2_end__ - __boot2_start__) == 0x100), ERROR: Pico second stage bootloader must be 256 bytes in size)

.text           0x10000100     0x7644
                0x10000100                        __logical_binary_start = .
 *(.vectors)
 .vectors       0x10000100       0xd4 CMakeFiles/joystick_read.dir/C_/Users/gusta/.pico-sdk/sdk/2.1.1/src/rp2_common/pico_crt0/crt0.S.obj
                0x10000100                __VECTOR_TABLE
                0x10000100                __vectors
                0x100001c0                isr_invalid
                0x100001c0                __default_isrs_start
                0x100001c2                isr_nmi
                0x100001c4                isr_hardfault
                0x100001c6                isr_svcall
                0x100001c8                isr_pendsv
                0x100001ca                isr_systick
                0x100001cc                isr_irq23
                0x100001cc                isr_irq18
                0x100001cc                isr_irq11
                0x100001cc                isr_irq28
                0x100001cc                isr_irq19
                0x100001cc                isr_irq0
                0x100001cc                isr_irq6
                0x100001cc                isr_irq5
                0x100001cc                isr_irq12
                0x100001cc                isr_irq22
                0x100001cc                isr_irq31
                0x100001cc                isr_irq17
                0x100001cc                isr_irq27
                0x100001cc                isr_irq30
                0x100001cc                isr_irq2
                0x100001cc                isr_irq10
                0x100001cc                isr_irq8
                0x100001cc                isr_irq24
                0x100001cc                isr_irq1
                0x100001cc                isr_irq7
                0x100001cc                isr_irq21
                0x100001cc                isr_irq20
                0x100001cc                isr_irq15
                0x100001cc                isr_irq25
                0x100001cc                isr_irq13
                0x100001cc                __unhandled_user_irq
                0x100001cc                isr_irq4
                0x100001cc                isr_irq16
                0x100001cc                isr_irq29
                0x100001cc                isr_irq26
                0x100001cc                __default_isrs_end
                0x100001cc                isr_irq3
                0x100001cc                isr_irq14
                0x100001cc                isr_irq9
                0x100001d2                unhandled_user_irq_num_in_r0
 *(.binary_info_header)
 .binary_info_header
                0x100001d4       0x14 CMakeFiles/joystick_read.dir/C_/Users/gusta/.pico-sdk/sdk/2.1.1/src/rp2_common/pico_crt0/crt0.S.obj
                0x100001e8                        __binary_info_header_end = .
 *(.embedded_block)
                0x100001e8                        __embedded_block_end = .
 *(.reset)
 .reset         0x100001e8       0x9c CMakeFiles/joystick_read.dir/C_/Users/gusta/.pico-sdk/sdk/2.1.1/src/rp2_common/pico_crt0/crt0.S.obj
                0x100001e8                _entry_point
 *(.init)
 .init          0x10000284        0x4 C:/Users/gusta/.pico-sdk/toolchain/14_2_Rel1/bin/../lib/gcc/arm-none-eabi/14.2.1/thumb/v6-m/nofp/crti.o
                0x10000284                _init
 *(EXCLUDE_FILE(*libm.a: *libc.a:*lib_a-mem*.o *libgcc.a:) .text*)
 .text.register_tm_clones
                0x10000288       0x28 C:/Users/gusta/.pico-sdk/toolchain/14_2_Rel1/bin/../lib/gcc/arm-none-eabi/14.2.1/thumb/v6-m/nofp/crtbegin.o
 .text.frame_dummy
                0x100002b0       0x24 C:/Users/gusta/.pico-sdk/toolchain/14_2_Rel1/bin/../lib/gcc/arm-none-eabi/14.2.1/thumb/v6-m/nofp/crtbegin.o
 .text.adc_gpio_init
                0x100002d4       0x20 CMakeFiles/joystick_read.dir/main.c.obj
 .text.setup_display
                0x100002f4       0x6c CMakeFiles/joystick_read.dir/main.c.obj
                0x100002f4                setup_display
 .text.startup.main
                0x10000360      0x1a4 CMakeFiles/joystick_read.dir/main.c.obj
                0x10000360                main
 .text.ssd1306_init
                0x10000504      0x148 CMakeFiles/joystick_read.dir/ssd1306.c.obj
                0x10000504                ssd1306_init
 .text.ssd1306_show
                0x1000064c       0xc0 CMakeFiles/joystick_read.dir/ssd1306.c.obj
                0x1000064c                ssd1306_show
 .text.ssd1306_clear
                0x1000070c       0x10 CMakeFiles/joystick_read.dir/ssd1306.c.obj
                0x1000070c                ssd1306_clear
 .text.ssd1306_draw_char_with_font
                0x1000071c      0x114 CMakeFiles/joystick_read.dir/ssd1306.c.obj
                0x1000071c                ssd1306_draw_char_with_font
 .text.ssd1306_draw_string
                0x10000830       0x54 CMakeFiles/joystick_read.dir/ssd1306.c.obj
                0x10000830                ssd1306_draw_string
 .text.gpio_set_function
                0x10000884       0x34 CMakeFiles/joystick_read.dir/C_/Users/gusta/.pico-sdk/sdk/2.1.1/src/rp2_common/hardware_gpio/gpio.c.obj
                0x10000884                gpio_set_function
 .text.gpio_set_pulls
                0x100008b8       0x28 CMakeFiles/joystick_read.dir/C_/Users/gusta/.pico-sdk/sdk/2.1.1/src/rp2_common/hardware_gpio/gpio.c.obj
                0x100008b8                gpio_set_pulls
 .text.gpio_set_input_enabled
                0x100008e0       0x28 CMakeFiles/joystick_read.dir/C_/Users/gusta/.pico-sdk/sdk/2.1.1/src/rp2_common/hardware_gpio/gpio.c.obj
                0x100008e0                gpio_set_input_enabled
 .text.gpio_init
                0x10000908       0x40 CMakeFiles/joystick_read.dir/C_/Users/gusta/.pico-sdk/sdk/2.1.1/src/rp2_common/hardware_gpio/gpio.c.obj
                0x10000908                gpio_init
 .text.rp2040_chip_version
                0x10000948        0xc CMakeFiles/joystick_read.dir/C_/Users/gusta/.pico-sdk/sdk/2.1.1/src/rp2040/pico_platform/platform.c.obj
                0x10000948                rp2040_chip_version
 .text.panic    0x10000954       0x30 CMakeFiles/joystick_read.dir/C_/Users/gusta/.pico-sdk/sdk/2.1.1/src/rp2_common/pico_platform_panic/panic.c.obj
                0x10000954                panic
 .text.hw_claim_or_assert
                0x10000984       0x44 CMakeFiles/joystick_read.dir/C_/Users/gusta/.pico-sdk/sdk/2.1.1/src/common/hardware_claim/claim.c.obj
                0x10000984                hw_claim_or_assert
 .text.hw_claim_unused_from_range
                0x100009c8       0x88 CMakeFiles/joystick_read.dir/C_/Users/gusta/.pico-sdk/sdk/2.1.1/src/common/hardware_claim/claim.c.obj
                0x100009c8                hw_claim_unused_from_range
 .text.next_striped_spin_lock_num
                0x10000a50       0x18 CMakeFiles/joystick_read.dir/C_/Users/gusta/.pico-sdk/sdk/2.1.1/src/rp2_common/hardware_sync/sync.c.obj
                0x10000a50                next_striped_spin_lock_num
 .text.spin_lock_claim_unused
                0x10000a68       0x24 CMakeFiles/joystick_read.dir/C_/Users/gusta/.pico-sdk/sdk/2.1.1/src/rp2_common/hardware_sync/sync.c.obj
                0x10000a68                spin_lock_claim_unused
 .text.spin_locks_reset
                0x10000a8c       0x1c CMakeFiles/joystick_read.dir/C_/Users/gusta/.pico-sdk/sdk/2.1.1/src/rp2_common/hardware_sync_spin_lock/sync_spin_lock.c.obj
                0x10000a8c                spin_locks_reset
 .text.runtime_init_per_core_irq_priorities
                0x10000aa8       0x24 CMakeFiles/joystick_read.dir/C_/Users/gusta/.pico-sdk/sdk/2.1.1/src/rp2_common/hardware_irq/irq.c.obj
                0x10000aa8                runtime_init_per_core_irq_priorities
 .text.irq_set_enabled
                0x10000acc       0x24 CMakeFiles/joystick_read.dir/C_/Users/gusta/.pico-sdk/sdk/2.1.1/src/rp2_common/hardware_irq/irq.c.obj
                0x10000acc                irq_set_enabled
 .text.irq_is_enabled
                0x10000af0       0x18 CMakeFiles/joystick_read.dir/C_/Users/gusta/.pico-sdk/sdk/2.1.1/src/rp2_common/hardware_irq/irq.c.obj
                0x10000af0                irq_is_enabled
 .text.irq_set_pending
                0x10000b08       0x10 CMakeFiles/joystick_read.dir/C_/Users/gusta/.pico-sdk/sdk/2.1.1/src/rp2_common/hardware_irq/irq.c.obj
                0x10000b08                irq_set_pending
 .text.irq_has_shared_handler
                0x10000b18       0x24 CMakeFiles/joystick_read.dir/C_/Users/gusta/.pico-sdk/sdk/2.1.1/src/rp2_common/hardware_irq/irq.c.obj
                0x10000b18                irq_has_shared_handler
 .text.irq_set_exclusive_handler
                0x10000b3c       0x54 CMakeFiles/joystick_read.dir/C_/Users/gusta/.pico-sdk/sdk/2.1.1/src/rp2_common/hardware_irq/irq.c.obj
                0x10000b3c                irq_set_exclusive_handler
 .text.irq_add_shared_handler
                0x10000b90      0x1f4 CMakeFiles/joystick_read.dir/C_/Users/gusta/.pico-sdk/sdk/2.1.1/src/rp2_common/hardware_irq/irq.c.obj
                0x10000b90                irq_add_shared_handler
 .text.irq_add_tail_to_free_list
                0x10000d84       0xb4 CMakeFiles/joystick_read.dir/C_/Users/gusta/.pico-sdk/sdk/2.1.1/src/rp2_common/hardware_irq/irq.c.obj
                0x10000d84                irq_add_tail_to_free_list
 .text.user_irq_claim_unused
                0x10000e38       0x2c CMakeFiles/joystick_read.dir/C_/Users/gusta/.pico-sdk/sdk/2.1.1/src/rp2_common/hardware_irq/irq.c.obj
                0x10000e38                user_irq_claim_unused
 .text.lock_init
                0x10000e64       0x10 CMakeFiles/joystick_read.dir/C_/Users/gusta/.pico-sdk/sdk/2.1.1/src/common/pico_sync/lock_core.c.obj
                0x10000e64                lock_init
 .text.runtime_init_mutex
                0x10000e74       0x50 CMakeFiles/joystick_read.dir/C_/Users/gusta/.pico-sdk/sdk/2.1.1/src/common/pico_sync/mutex.c.obj
                0x10000e74                runtime_init_mutex
 .text.mutex_init
                0x10000ec4       0x1c CMakeFiles/joystick_read.dir/C_/Users/gusta/.pico-sdk/sdk/2.1.1/src/common/pico_sync/mutex.c.obj
                0x10000ec4                mutex_init
 .text.critical_section_init
                0x10000ee0       0x1c CMakeFiles/joystick_read.dir/C_/Users/gusta/.pico-sdk/sdk/2.1.1/src/common/pico_sync/critical_section.c.obj
                0x10000ee0                critical_section_init
 .text.critical_section_init_with_lock_num
                0x10000efc       0x14 CMakeFiles/joystick_read.dir/C_/Users/gusta/.pico-sdk/sdk/2.1.1/src/common/pico_sync/critical_section.c.obj
                0x10000efc                critical_section_init_with_lock_num
 .text.sleep_until_callback
                0x10000f10       0x30 CMakeFiles/joystick_read.dir/C_/Users/gusta/.pico-sdk/sdk/2.1.1/src/common/pico_time/time.c.obj
 .text.alarm_pool_irq_handler
                0x10000f40      0x300 CMakeFiles/joystick_read.dir/C_/Users/gusta/.pico-sdk/sdk/2.1.1/src/common/pico_time/time.c.obj
 .text.runtime_init_default_alarm_pool
                0x10001240       0xdc CMakeFiles/joystick_read.dir/C_/Users/gusta/.pico-sdk/sdk/2.1.1/src/common/pico_time/time.c.obj
                0x10001240                runtime_init_default_alarm_pool
 .text.alarm_pool_get_default
                0x1000131c        0x8 CMakeFiles/joystick_read.dir/C_/Users/gusta/.pico-sdk/sdk/2.1.1/src/common/pico_time/time.c.obj
                0x1000131c                alarm_pool_get_default
 .text.alarm_pool_add_alarm_at
                0x10001324       0xd0 CMakeFiles/joystick_read.dir/C_/Users/gusta/.pico-sdk/sdk/2.1.1/src/common/pico_time/time.c.obj
                0x10001324                alarm_pool_add_alarm_at
 .text.alarm_pool_add_alarm_at_force_in_context
                0x100013f4       0xb0 CMakeFiles/joystick_read.dir/C_/Users/gusta/.pico-sdk/sdk/2.1.1/src/common/pico_time/time.c.obj
                0x100013f4                alarm_pool_add_alarm_at_force_in_context
 .text.alarm_pool_cancel_alarm
                0x100014a4       0x74 CMakeFiles/joystick_read.dir/C_/Users/gusta/.pico-sdk/sdk/2.1.1/src/common/pico_time/time.c.obj
                0x100014a4                alarm_pool_cancel_alarm
 .text.alarm_pool_core_num
                0x10001518        0x4 CMakeFiles/joystick_read.dir/C_/Users/gusta/.pico-sdk/sdk/2.1.1/src/common/pico_time/time.c.obj
                0x10001518                alarm_pool_core_num
 .text.sleep_ms
                0x1000151c       0xfc CMakeFiles/joystick_read.dir/C_/Users/gusta/.pico-sdk/sdk/2.1.1/src/common/pico_time/time.c.obj
                0x1000151c                sleep_ms
 .text.best_effort_wfe_or_timeout
                0x10001618      0x10c CMakeFiles/joystick_read.dir/C_/Users/gusta/.pico-sdk/sdk/2.1.1/src/common/pico_time/time.c.obj
                0x10001618                best_effort_wfe_or_timeout
 .text.timer_hardware_alarm_claim
                0x10001724       0x14 CMakeFiles/joystick_read.dir/C_/Users/gusta/.pico-sdk/sdk/2.1.1/src/rp2_common/hardware_timer/timer.c.obj
                0x10001724                timer_hardware_alarm_claim
 .text.timer_time_us_64
                0x10001738       0x10 CMakeFiles/joystick_read.dir/C_/Users/gusta/.pico-sdk/sdk/2.1.1/src/rp2_common/hardware_timer/timer.c.obj
                0x10001738                timer_time_us_64
 .text.time_us_64
                0x10001748       0x14 CMakeFiles/joystick_read.dir/C_/Users/gusta/.pico-sdk/sdk/2.1.1/src/rp2_common/hardware_timer/timer.c.obj
                0x10001748                time_us_64
 .text.busy_wait_until
                0x1000175c       0x20 CMakeFiles/joystick_read.dir/C_/Users/gusta/.pico-sdk/sdk/2.1.1/src/rp2_common/hardware_timer/timer.c.obj
                0x1000175c                busy_wait_until
 .text.clock_configure_int_divider
                0x1000177c       0xf4 CMakeFiles/joystick_read.dir/C_/Users/gusta/.pico-sdk/sdk/2.1.1/src/rp2_common/hardware_clocks/clocks.c.obj
                0x1000177c                clock_configure_int_divider
 .text.clock_configure_undivided
                0x10001870       0xe8 CMakeFiles/joystick_read.dir/C_/Users/gusta/.pico-sdk/sdk/2.1.1/src/rp2_common/hardware_clocks/clocks.c.obj
                0x10001870                clock_configure_undivided
 .text.clock_get_hz
                0x10001958        0xc CMakeFiles/joystick_read.dir/C_/Users/gusta/.pico-sdk/sdk/2.1.1/src/rp2_common/hardware_clocks/clocks.c.obj
                0x10001958                clock_get_hz
 .text.pll_init
                0x10001964       0xa4 CMakeFiles/joystick_read.dir/C_/Users/gusta/.pico-sdk/sdk/2.1.1/src/rp2_common/hardware_pll/pll.c.obj
                0x10001964                pll_init
 .text.watchdog_reboot
                0x10001a08       0x9c CMakeFiles/joystick_read.dir/C_/Users/gusta/.pico-sdk/sdk/2.1.1/src/rp2_common/hardware_watchdog/watchdog.c.obj
                0x10001a08                watchdog_reboot
 .text.tick_start
                0x10001aa4       0x10 CMakeFiles/joystick_read.dir/C_/Users/gusta/.pico-sdk/sdk/2.1.1/src/rp2_common/hardware_ticks/ticks.c.obj
                0x10001aa4                tick_start
 .text.rom_func_lookup
                0x10001ab4       0x10 CMakeFiles/joystick_read.dir/C_/Users/gusta/.pico-sdk/sdk/2.1.1/src/rp2_common/pico_bootrom/bootrom.c.obj
                0x10001ab4                rom_func_lookup
 .text.rom_data_lookup
                0x10001ac4       0x10 CMakeFiles/joystick_read.dir/C_/Users/gusta/.pico-sdk/sdk/2.1.1/src/rp2_common/pico_bootrom/bootrom.c.obj
                0x10001ac4                rom_data_lookup
 .text.rom_funcs_lookup
                0x10001ad4       0x44 CMakeFiles/joystick_read.dir/C_/Users/gusta/.pico-sdk/sdk/2.1.1/src/rp2_common/pico_bootrom/bootrom.c.obj
                0x10001ad4                rom_funcs_lookup
 .text.rom_reset_usb_boot_extra
                0x10001b18       0x24 CMakeFiles/joystick_read.dir/C_/Users/gusta/.pico-sdk/sdk/2.1.1/src/rp2_common/pico_bootrom/bootrom.c.obj
                0x10001b18                rom_reset_usb_boot_extra
 .text.xosc_init
                0x10001b3c       0x28 CMakeFiles/joystick_read.dir/C_/Users/gusta/.pico-sdk/sdk/2.1.1/src/rp2_common/hardware_xosc/xosc.c.obj
                0x10001b3c                xosc_init
 .text.first_per_core_initializer
                0x10001b64        0x4 CMakeFiles/joystick_read.dir/C_/Users/gusta/.pico-sdk/sdk/2.1.1/src/rp2_common/pico_runtime/runtime.c.obj
 .text.hard_assertion_failure
                0x10001b68        0xc CMakeFiles/joystick_read.dir/C_/Users/gusta/.pico-sdk/sdk/2.1.1/src/rp2_common/pico_runtime/runtime.c.obj
                0x10001b68                hard_assertion_failure
 .text.runtime_run_initializers
                0x10001b74       0x28 CMakeFiles/joystick_read.dir/C_/Users/gusta/.pico-sdk/sdk/2.1.1/src/rp2_common/pico_runtime/runtime.c.obj
                0x10001b74                runtime_run_initializers
 .text.runtime_init_early_resets
                0x10001b9c       0x2c CMakeFiles/joystick_read.dir/C_/Users/gusta/.pico-sdk/sdk/2.1.1/src/rp2_common/pico_runtime_init/runtime_init.c.obj
                0x10001b9c                runtime_init_early_resets
 .text.runtime_init_usb_power_down
                0x10001bc8       0x1c CMakeFiles/joystick_read.dir/C_/Users/gusta/.pico-sdk/sdk/2.1.1/src/rp2_common/pico_runtime_init/runtime_init.c.obj
                0x10001bc8                runtime_init_usb_power_down
 .text.runtime_init_post_clock_resets
                0x10001be4       0x20 CMakeFiles/joystick_read.dir/C_/Users/gusta/.pico-sdk/sdk/2.1.1/src/rp2_common/pico_runtime_init/runtime_init.c.obj
                0x10001be4                runtime_init_post_clock_resets
 .text.runtime_init_rp2040_gpio_ie_disable
                0x10001c04       0x14 CMakeFiles/joystick_read.dir/C_/Users/gusta/.pico-sdk/sdk/2.1.1/src/rp2_common/pico_runtime_init/runtime_init.c.obj
                0x10001c04                runtime_init_rp2040_gpio_ie_disable
 .text.runtime_init_spin_locks_reset
                0x10001c18        0x8 CMakeFiles/joystick_read.dir/C_/Users/gusta/.pico-sdk/sdk/2.1.1/src/rp2_common/pico_runtime_init/runtime_init.c.obj
                0x10001c18                runtime_init_spin_locks_reset
 .text.runtime_init_install_ram_vector_table
                0x10001c20       0x1c CMakeFiles/joystick_read.dir/C_/Users/gusta/.pico-sdk/sdk/2.1.1/src/rp2_common/pico_runtime_init/runtime_init.c.obj
                0x10001c20                runtime_init_install_ram_vector_table
 .text.runtime_init_clocks
                0x10001c3c       0xd8 CMakeFiles/joystick_read.dir/C_/Users/gusta/.pico-sdk/sdk/2.1.1/src/rp2_common/pico_runtime_init/runtime_init_clocks.c.obj
                0x10001c3c                runtime_init_clocks
 .text          0x10001d14       0x10 CMakeFiles/joystick_read.dir/C_/Users/gusta/.pico-sdk/sdk/2.1.1/src/rp2_common/pico_bit_ops/bit_ops_aeabi.S.obj
 .text.__wrap___aeabi_idiv
                0x10001d24       0x50 CMakeFiles/joystick_read.dir/C_/Users/gusta/.pico-sdk/sdk/2.1.1/src/rp2_common/pico_divider/divider_hardware.S.obj
                0x10001d24                __wrap___aeabi_idivmod
                0x10001d24                divmod_s32s32
                0x10001d24                div_s32s32
                0x10001d24                __wrap___aeabi_idiv
                0x10001d2c                divmod_s32s32_unsafe
                0x10001d58                divmod_s32s32_savestate
 .text.__wrap___aeabi_uidiv
                0x10001d74       0x4c CMakeFiles/joystick_read.dir/C_/Users/gusta/.pico-sdk/sdk/2.1.1/src/rp2_common/pico_divider/divider_hardware.S.obj
                0x10001d74                __wrap___aeabi_uidiv
                0x10001d74                __wrap___aeabi_uidivmod
                0x10001d74                div_u32u32
                0x10001d74                divmod_u32u32
                0x10001d7c                divmod_u32u32_unsafe
                0x10001da4                divmod_u32u32_savestate
 .text.__wrap___aeabi_ldiv
                0x10001dc0      0x424 CMakeFiles/joystick_read.dir/C_/Users/gusta/.pico-sdk/sdk/2.1.1/src/rp2_common/pico_divider/divider_hardware.S.obj
                0x10001dc0                div_s64s64
                0x10001dc0                divmod_s64s64
                0x10001dc0                __wrap___aeabi_ldivmod
                0x10001df0                divmod_u64u64
                0x10001df0                div_u64u64
                0x10001df0                __wrap___aeabi_uldivmod
                0x10001e00                divmod_u64u64_savestate
                0x10001e20                divmod_s64s64_unsafe
                0x10001ea8                divmod_u64u64_unsafe
 .text.__wrap___aeabi_darithmetic
                0x100021e4       0x60 CMakeFiles/joystick_read.dir/C_/Users/gusta/.pico-sdk/sdk/2.1.1/src/rp2_common/pico_double/double_aeabi_rp2040.S.obj
                0x100021e4                __wrap___aeabi_drsub
                0x100021ea                __wrap___aeabi_dsub
                0x100021f4                __wrap___aeabi_dadd
                0x100021fe                __wrap___aeabi_ddiv
                0x10002232                __wrap___aeabi_dmul
 .text.__wrap___aeabi_cdcmple
                0x10002244       0x6c CMakeFiles/joystick_read.dir/C_/Users/gusta/.pico-sdk/sdk/2.1.1/src/rp2_common/pico_double/double_aeabi_rp2040.S.obj
                0x10002244                __wrap___aeabi_cdrcmple
                0x10002254                __wrap___aeabi_cdcmpeq
                0x10002254                __wrap___aeabi_cdcmple
 .text.__wrap___aeabi_dcmplt
                0x100022b0        0xc CMakeFiles/joystick_read.dir/C_/Users/gusta/.pico-sdk/sdk/2.1.1/src/rp2_common/pico_double/double_aeabi_rp2040.S.obj
                0x100022b0                __wrap___aeabi_dcmplt
 .text.__wrap___aeabi_dcmple
                0x100022bc       0x10 CMakeFiles/joystick_read.dir/C_/Users/gusta/.pico-sdk/sdk/2.1.1/src/rp2_common/pico_double/double_aeabi_rp2040.S.obj
                0x100022bc                __wrap___aeabi_dcmple
 .text.__wrap___aeabi_dcmpge
                0x100022cc       0x10 CMakeFiles/joystick_read.dir/C_/Users/gusta/.pico-sdk/sdk/2.1.1/src/rp2_common/pico_double/double_aeabi_rp2040.S.obj
                0x100022cc                __wrap___aeabi_dcmpge
 .text.__wrap___aeabi_dcmpgt
                0x100022dc        0xa CMakeFiles/joystick_read.dir/C_/Users/gusta/.pico-sdk/sdk/2.1.1/src/rp2_common/pico_double/double_aeabi_rp2040.S.obj
                0x100022dc                __wrap___aeabi_dcmpgt
 .text.__wrap___aeabi_dcmpun
                0x100022e6       0x18 CMakeFiles/joystick_read.dir/C_/Users/gusta/.pico-sdk/sdk/2.1.1/src/rp2_common/pico_double/double_aeabi_rp2040.S.obj
                0x100022e6                __wrap___aeabi_dcmpun
 *fill*         0x100022fe        0x2 
 .text.__wrap___aeabi_i2d
                0x10002300       0x38 CMakeFiles/joystick_read.dir/C_/Users/gusta/.pico-sdk/sdk/2.1.1/src/rp2_common/pico_double/double_aeabi_rp2040.S.obj
                0x10002300                uint2double
                0x10002300                __wrap___aeabi_ui2d
                0x10002308                int2double
                0x10002308                __wrap___aeabi_i2d
 .text.__wrap___aeabi_d2iz
                0x10002338       0x48 CMakeFiles/joystick_read.dir/C_/Users/gusta/.pico-sdk/sdk/2.1.1/src/rp2_common/pico_double/double_aeabi_rp2040.S.obj
                0x10002338                double2int_z
                0x10002338                __wrap___aeabi_d2iz
 .text.__wrap___aeabi_d2uiz
                0x10002380       0x10 CMakeFiles/joystick_read.dir/C_/Users/gusta/.pico-sdk/sdk/2.1.1/src/rp2_common/pico_double/double_aeabi_rp2040.S.obj
                0x10002380                double2uint
                0x10002380                __wrap___aeabi_d2uiz
                0x10002380                double2uint_z
 .text.missing_double_func_shim
                0x10002390        0xc CMakeFiles/joystick_read.dir/C_/Users/gusta/.pico-sdk/sdk/2.1.1/src/rp2_common/pico_double/double_init_rom_rp2040.c.obj
 .text.__aeabi_double_init
                0x1000239c       0xa0 CMakeFiles/joystick_read.dir/C_/Users/gusta/.pico-sdk/sdk/2.1.1/src/rp2_common/pico_double/double_init_rom_rp2040.c.obj
                0x1000239c                __aeabi_double_init
 .text.double_table_shim_on_use_helper
                0x1000243c       0x2c CMakeFiles/joystick_read.dir/C_/Users/gusta/.pico-sdk/sdk/2.1.1/src/rp2_common/pico_double/double_v1_rom_shim_rp2040.S.obj
                0x1000243c                double_table_shim_on_use_helper
 .text.__aeabi_lmul
                0x10002468       0x32 CMakeFiles/joystick_read.dir/C_/Users/gusta/.pico-sdk/sdk/2.1.1/src/rp2_common/pico_int64_ops/pico_int64_ops_aeabi.S.obj
                0x10002468                __wrap___aeabi_lmul
 *fill*         0x1000249a        0x2 
 .text.missing_float_func_shim
                0x1000249c        0xc CMakeFiles/joystick_read.dir/C_/Users/gusta/.pico-sdk/sdk/2.1.1/src/rp2_common/pico_float/float_init_rom_rp2040.c.obj
 .text.__aeabi_float_init
                0x100024a8       0x5c CMakeFiles/joystick_read.dir/C_/Users/gusta/.pico-sdk/sdk/2.1.1/src/rp2_common/pico_float/float_init_rom_rp2040.c.obj
                0x100024a8                __aeabi_float_init
 .text.__wrap_malloc
                0x10002504       0x24 CMakeFiles/joystick_read.dir/C_/Users/gusta/.pico-sdk/sdk/2.1.1/src/rp2_common/pico_malloc/malloc.c.obj
                0x10002504                __wrap_malloc
 .text          0x10002528       0x10 CMakeFiles/joystick_read.dir/C_/Users/gusta/.pico-sdk/sdk/2.1.1/src/rp2_common/pico_mem_ops/mem_ops_aeabi.S.obj
                0x10002528                __aeabi_mem_init
 .text.memset   0x10002538        0xc CMakeFiles/joystick_read.dir/C_/Users/gusta/.pico-sdk/sdk/2.1.1/src/rp2_common/pico_mem_ops/mem_ops_aeabi.S.obj
                0x10002538                __wrap_memset
 .text.memcpy   0x10002544        0xc CMakeFiles/joystick_read.dir/C_/Users/gusta/.pico-sdk/sdk/2.1.1/src/rp2_common/pico_mem_ops/mem_ops_aeabi.S.obj
                0x10002544                __wrap_memcpy
                0x10002544                __wrap___aeabi_memcpy
 .text._out_buffer
                0x10002550        0x8 CMakeFiles/joystick_read.dir/C_/Users/gusta/.pico-sdk/sdk/2.1.1/src/rp2_common/pico_printf/printf.c.obj
 .text._out_null
                0x10002558        0x4 CMakeFiles/joystick_read.dir/C_/Users/gusta/.pico-sdk/sdk/2.1.1/src/rp2_common/pico_printf/printf.c.obj
 .text._out_rev
                0x1000255c       0xac CMakeFiles/joystick_read.dir/C_/Users/gusta/.pico-sdk/sdk/2.1.1/src/rp2_common/pico_printf/printf.c.obj
 .text._ntoa_format
                0x10002608      0x1cc CMakeFiles/joystick_read.dir/C_/Users/gusta/.pico-sdk/sdk/2.1.1/src/rp2_common/pico_printf/printf.c.obj
 .text._out_char
                0x100027d4       0x10 CMakeFiles/joystick_read.dir/C_/Users/gusta/.pico-sdk/sdk/2.1.1/src/rp2_common/pico_printf/printf.c.obj
 .text._out_fct
                0x100027e4       0x10 CMakeFiles/joystick_read.dir/C_/Users/gusta/.pico-sdk/sdk/2.1.1/src/rp2_common/pico_printf/printf.c.obj
 .text._ftoa    0x100027f4      0x4a8 CMakeFiles/joystick_read.dir/C_/Users/gusta/.pico-sdk/sdk/2.1.1/src/rp2_common/pico_printf/printf.c.obj
 .text._etoa    0x10002c9c      0x57c CMakeFiles/joystick_read.dir/C_/Users/gusta/.pico-sdk/sdk/2.1.1/src/rp2_common/pico_printf/printf.c.obj
 .text._vsnprintf
                0x10003218      0xbe0 CMakeFiles/joystick_read.dir/C_/Users/gusta/.pico-sdk/sdk/2.1.1/src/rp2_common/pico_printf/printf.c.obj
 .text.__wrap_snprintf
                0x10003df8       0x28 CMakeFiles/joystick_read.dir/C_/Users/gusta/.pico-sdk/sdk/2.1.1/src/rp2_common/pico_printf/printf.c.obj
                0x10003df8                __wrap_snprintf
 .text.vfctprintf
                0x10003e20       0x24 CMakeFiles/joystick_read.dir/C_/Users/gusta/.pico-sdk/sdk/2.1.1/src/rp2_common/pico_printf/printf.c.obj
                0x10003e20                vfctprintf
 .text.weak_raw_vprintf
                0x10003e44       0x30 CMakeFiles/joystick_read.dir/C_/Users/gusta/.pico-sdk/sdk/2.1.1/src/rp2_common/pico_printf/printf.c.obj
                0x10003e44                weak_raw_vprintf
 .text._exit    0x10003e74        0x4 CMakeFiles/joystick_read.dir/C_/Users/gusta/.pico-sdk/sdk/2.1.1/src/rp2_common/pico_clib_interface/newlib_interface.c.obj
                0x10003e74                _exit
 .text._sbrk    0x10003e78       0x34 CMakeFiles/joystick_read.dir/C_/Users/gusta/.pico-sdk/sdk/2.1.1/src/rp2_common/pico_clib_interface/newlib_interface.c.obj
                0x10003e78                _sbrk
 .text.exit     0x10003eac        0x8 CMakeFiles/joystick_read.dir/C_/Users/gusta/.pico-sdk/sdk/2.1.1/src/rp2_common/pico_clib_interface/newlib_interface.c.obj
                0x10003eac                exit
 .text.runtime_init
                0x10003eb4       0x2c CMakeFiles/joystick_read.dir/C_/Users/gusta/.pico-sdk/sdk/2.1.1/src/rp2_common/pico_clib_interface/newlib_interface.c.obj
                0x10003eb4                runtime_init
 .text.stdio_out_chars_no_crlf
                0x10003ee0       0x10 CMakeFiles/joystick_read.dir/C_/Users/gusta/.pico-sdk/sdk/2.1.1/src/rp2_common/pico_stdio/stdio.c.obj
 .text.stdio_out_chars_crlf
                0x10003ef0       0xb0 CMakeFiles/joystick_read.dir/C_/Users/gusta/.pico-sdk/sdk/2.1.1/src/rp2_common/pico_stdio/stdio.c.obj
 .text.stdio_buffered_printer
                0x10003fa0       0x64 CMakeFiles/joystick_read.dir/C_/Users/gusta/.pico-sdk/sdk/2.1.1/src/rp2_common/pico_stdio/stdio.c.obj
 .text.stdio_put_string
                0x10004004       0xfc CMakeFiles/joystick_read.dir/C_/Users/gusta/.pico-sdk/sdk/2.1.1/src/rp2_common/pico_stdio/stdio.c.obj
                0x10004004                stdio_put_string
 .text.stdio_set_driver_enabled
                0x10004100       0x30 CMakeFiles/joystick_read.dir/C_/Users/gusta/.pico-sdk/sdk/2.1.1/src/rp2_common/pico_stdio/stdio.c.obj
                0x10004100                stdio_set_driver_enabled
 .text.stdio_init_all
                0x10004130        0x8 CMakeFiles/joystick_read.dir/C_/Users/gusta/.pico-sdk/sdk/2.1.1/src/rp2_common/pico_stdio/stdio.c.obj
                0x10004130                stdio_init_all
 .text.__wrap_putchar
                0x10004138       0x94 CMakeFiles/joystick_read.dir/C_/Users/gusta/.pico-sdk/sdk/2.1.1/src/rp2_common/pico_stdio/stdio.c.obj
                0x10004138                __wrap_putchar
                0x10004138                stdio_putchar
 .text.__wrap_puts
                0x100041cc       0x3c CMakeFiles/joystick_read.dir/C_/Users/gusta/.pico-sdk/sdk/2.1.1/src/rp2_common/pico_stdio/stdio.c.obj
                0x100041cc                stdio_puts
                0x100041cc                __wrap_puts
 .text.__wrap_vprintf
                0x10004208       0xcc CMakeFiles/joystick_read.dir/C_/Users/gusta/.pico-sdk/sdk/2.1.1/src/rp2_common/pico_stdio/stdio.c.obj
                0x10004208                stdio_vprintf
                0x10004208                __wrap_vprintf
 .text.__wrap_printf
                0x100042d4       0x18 CMakeFiles/joystick_read.dir/C_/Users/gusta/.pico-sdk/sdk/2.1.1/src/rp2_common/pico_stdio/stdio.c.obj
                0x100042d4                __wrap_printf
                0x100042d4                stdio_printf
 .text.resetd_init
                0x100042ec        0x4 CMakeFiles/joystick_read.dir/C_/Users/gusta/.pico-sdk/sdk/2.1.1/src/rp2_common/pico_stdio_usb/reset_interface.c.obj
 .text.resetd_reset
                0x100042f0        0xc CMakeFiles/joystick_read.dir/C_/Users/gusta/.pico-sdk/sdk/2.1.1/src/rp2_common/pico_stdio_usb/reset_interface.c.obj
 .text.resetd_open
                0x100042fc       0x28 CMakeFiles/joystick_read.dir/C_/Users/gusta/.pico-sdk/sdk/2.1.1/src/rp2_common/pico_stdio_usb/reset_interface.c.obj
 .text.resetd_xfer_cb
                0x10004324        0x4 CMakeFiles/joystick_read.dir/C_/Users/gusta/.pico-sdk/sdk/2.1.1/src/rp2_common/pico_stdio_usb/reset_interface.c.obj
 .text.resetd_control_xfer_cb
                0x10004328       0x54 CMakeFiles/joystick_read.dir/C_/Users/gusta/.pico-sdk/sdk/2.1.1/src/rp2_common/pico_stdio_usb/reset_interface.c.obj
 .text.tud_descriptor_bos_cb
                0x1000437c        0x8 CMakeFiles/joystick_read.dir/C_/Users/gusta/.pico-sdk/sdk/2.1.1/src/rp2_common/pico_stdio_usb/reset_interface.c.obj
                0x1000437c                tud_descriptor_bos_cb
 .text.tud_vendor_control_xfer_cb
                0x10004384       0x34 CMakeFiles/joystick_read.dir/C_/Users/gusta/.pico-sdk/sdk/2.1.1/src/rp2_common/pico_stdio_usb/reset_interface.c.obj
                0x10004384                tud_vendor_control_xfer_cb
 .text.usbd_app_driver_get_cb
                0x100043b8        0xc CMakeFiles/joystick_read.dir/C_/Users/gusta/.pico-sdk/sdk/2.1.1/src/rp2_common/pico_stdio_usb/reset_interface.c.obj
                0x100043b8                usbd_app_driver_get_cb
 .text.tud_cdc_line_coding_cb
                0x100043c4       0x2c CMakeFiles/joystick_read.dir/C_/Users/gusta/.pico-sdk/sdk/2.1.1/src/rp2_common/pico_stdio_usb/reset_interface.c.obj
                0x100043c4                tud_cdc_line_coding_cb
 .text.stdio_usb_set_chars_available_callback
                0x100043f0       0x14 CMakeFiles/joystick_read.dir/C_/Users/gusta/.pico-sdk/sdk/2.1.1/src/rp2_common/pico_stdio_usb/stdio_usb.c.obj
                0x100043f0                stdio_usb_set_chars_available_callback
 .text.usb_irq  0x10004404       0x10 CMakeFiles/joystick_read.dir/C_/Users/gusta/.pico-sdk/sdk/2.1.1/src/rp2_common/pico_stdio_usb/stdio_usb.c.obj
 .text.timer_task
                0x10004414       0x64 CMakeFiles/joystick_read.dir/C_/Users/gusta/.pico-sdk/sdk/2.1.1/src/rp2_common/pico_stdio_usb/stdio_usb.c.obj
 .text.stdio_usb_in_chars
                0x10004478       0x8c CMakeFiles/joystick_read.dir/C_/Users/gusta/.pico-sdk/sdk/2.1.1/src/rp2_common/pico_stdio_usb/stdio_usb.c.obj
                0x10004478                stdio_usb_in_chars
 .text.stdio_usb_out_flush
                0x10004504       0x4c CMakeFiles/joystick_read.dir/C_/Users/gusta/.pico-sdk/sdk/2.1.1/src/rp2_common/pico_stdio_usb/stdio_usb.c.obj
 .text.stdio_usb_out_chars
                0x10004550      0x100 CMakeFiles/joystick_read.dir/C_/Users/gusta/.pico-sdk/sdk/2.1.1/src/rp2_common/pico_stdio_usb/stdio_usb.c.obj
 .text.low_priority_worker_irq
                0x10004650       0xc8 CMakeFiles/joystick_read.dir/C_/Users/gusta/.pico-sdk/sdk/2.1.1/src/rp2_common/pico_stdio_usb/stdio_usb.c.obj
 .text.stdio_usb_init
                0x10004718       0xe8 CMakeFiles/joystick_read.dir/C_/Users/gusta/.pico-sdk/sdk/2.1.1/src/rp2_common/pico_stdio_usb/stdio_usb.c.obj
                0x10004718                stdio_usb_init
 .text.tud_descriptor_device_cb
                0x10004800        0x8 CMakeFiles/joystick_read.dir/C_/Users/gusta/.pico-sdk/sdk/2.1.1/src/rp2_common/pico_stdio_usb/stdio_usb_descriptors.c.obj
                0x10004800                tud_descriptor_device_cb
 .text.tud_descriptor_configuration_cb
                0x10004808        0x8 CMakeFiles/joystick_read.dir/C_/Users/gusta/.pico-sdk/sdk/2.1.1/src/rp2_common/pico_stdio_usb/stdio_usb_descriptors.c.obj
                0x10004808                tud_descriptor_configuration_cb
 .text.tud_descriptor_string_cb
                0x10004810       0x78 CMakeFiles/joystick_read.dir/C_/Users/gusta/.pico-sdk/sdk/2.1.1/src/rp2_common/pico_stdio_usb/stdio_usb_descriptors.c.obj
                0x10004810                tud_descriptor_string_cb
 .text.startup._retrieve_unique_id_on_boot
                0x10004888       0x10 CMakeFiles/joystick_read.dir/C_/Users/gusta/.pico-sdk/sdk/2.1.1/src/rp2_common/pico_unique_id/unique_id.c.obj
 .text.pico_get_unique_board_id_string
                0x10004898      0x1a8 CMakeFiles/joystick_read.dir/C_/Users/gusta/.pico-sdk/sdk/2.1.1/src/rp2_common/pico_unique_id/unique_id.c.obj
                0x10004898                pico_get_unique_board_id_string
 .text.flash_get_unique_id
                0x10004a40       0x3c CMakeFiles/joystick_read.dir/C_/Users/gusta/.pico-sdk/sdk/2.1.1/src/rp2_common/hardware_flash/flash.c.obj
                0x10004a40                flash_get_unique_id
 .text.dcd_init
                0x10004a7c       0x90 CMakeFiles/joystick_read.dir/C_/Users/gusta/.pico-sdk/sdk/2.1.1/lib/tinyusb/src/portable/raspberrypi/rp2040/dcd_rp2040.c.obj
                0x10004a7c                dcd_init
 .text.dcd_int_enable
                0x10004b0c        0xc CMakeFiles/joystick_read.dir/C_/Users/gusta/.pico-sdk/sdk/2.1.1/lib/tinyusb/src/portable/raspberrypi/rp2040/dcd_rp2040.c.obj
                0x10004b0c                dcd_int_enable
 .text.dcd_set_address
                0x10004b18       0x14 CMakeFiles/joystick_read.dir/C_/Users/gusta/.pico-sdk/sdk/2.1.1/lib/tinyusb/src/portable/raspberrypi/rp2040/dcd_rp2040.c.obj
                0x10004b18                dcd_set_address
 .text.dcd_sof_enable
                0x10004b2c       0x1c CMakeFiles/joystick_read.dir/C_/Users/gusta/.pico-sdk/sdk/2.1.1/lib/tinyusb/src/portable/raspberrypi/rp2040/dcd_rp2040.c.obj
                0x10004b2c                dcd_sof_enable
 .text.dcd_edpt0_status_complete
                0x10004b48       0x1c CMakeFiles/joystick_read.dir/C_/Users/gusta/.pico-sdk/sdk/2.1.1/lib/tinyusb/src/portable/raspberrypi/rp2040/dcd_rp2040.c.obj
                0x10004b48                dcd_edpt0_status_complete
 .text.dcd_edpt_open
                0x10004b64      0x114 CMakeFiles/joystick_read.dir/C_/Users/gusta/.pico-sdk/sdk/2.1.1/lib/tinyusb/src/portable/raspberrypi/rp2040/dcd_rp2040.c.obj
                0x10004b64                dcd_edpt_open
 .text.dcd_edpt_close_all
                0x10004c78        0x8 CMakeFiles/joystick_read.dir/C_/Users/gusta/.pico-sdk/sdk/2.1.1/lib/tinyusb/src/portable/raspberrypi/rp2040/dcd_rp2040.c.obj
                0x10004c78                dcd_edpt_close_all
 .text.dcd_edpt_xfer
                0x10004c80       0x24 CMakeFiles/joystick_read.dir/C_/Users/gusta/.pico-sdk/sdk/2.1.1/lib/tinyusb/src/portable/raspberrypi/rp2040/dcd_rp2040.c.obj
                0x10004c80                dcd_edpt_xfer
 .text.dcd_edpt_stall
                0x10004ca4       0x3c CMakeFiles/joystick_read.dir/C_/Users/gusta/.pico-sdk/sdk/2.1.1/lib/tinyusb/src/portable/raspberrypi/rp2040/dcd_rp2040.c.obj
                0x10004ca4                dcd_edpt_stall
 .text.dcd_edpt_clear_stall
                0x10004ce0       0x30 CMakeFiles/joystick_read.dir/C_/Users/gusta/.pico-sdk/sdk/2.1.1/lib/tinyusb/src/portable/raspberrypi/rp2040/dcd_rp2040.c.obj
                0x10004ce0                dcd_edpt_clear_stall
 .text.rp2040_usb_init
                0x10004d10       0x40 CMakeFiles/joystick_read.dir/C_/Users/gusta/.pico-sdk/sdk/2.1.1/lib/tinyusb/src/portable/raspberrypi/rp2040/rp2040_usb.c.obj
                0x10004d10                rp2040_usb_init
 .text.hw_endpoint_xfer_start
                0x10004d50       0x40 CMakeFiles/joystick_read.dir/C_/Users/gusta/.pico-sdk/sdk/2.1.1/lib/tinyusb/src/portable/raspberrypi/rp2040/rp2040_usb.c.obj
                0x10004d50                hw_endpoint_xfer_start
 .text.tud_event_hook_cb
                0x10004d90        0x4 CMakeFiles/joystick_read.dir/C_/Users/gusta/.pico-sdk/sdk/2.1.1/lib/tinyusb/src/device/usbd.c.obj
                0x10004d90                tud_event_hook_cb
 .text.tud_sof_cb
                0x10004d94        0x4 CMakeFiles/joystick_read.dir/C_/Users/gusta/.pico-sdk/sdk/2.1.1/lib/tinyusb/src/device/usbd.c.obj
                0x10004d94                tud_sof_cb
 .text.tud_descriptor_device_qualifier_cb
                0x10004d98        0x4 CMakeFiles/joystick_read.dir/C_/Users/gusta/.pico-sdk/sdk/2.1.1/lib/tinyusb/src/device/usbd.c.obj
                0x10004d98                tud_descriptor_device_qualifier_cb
 .text.tud_descriptor_other_speed_configuration_cb
                0x10004d9c        0x4 CMakeFiles/joystick_read.dir/C_/Users/gusta/.pico-sdk/sdk/2.1.1/lib/tinyusb/src/device/usbd.c.obj
                0x10004d9c                tud_descriptor_other_speed_configuration_cb
 .text.tud_mount_cb
                0x10004da0        0x4 CMakeFiles/joystick_read.dir/C_/Users/gusta/.pico-sdk/sdk/2.1.1/lib/tinyusb/src/device/usbd.c.obj
                0x10004da0                tud_mount_cb
 .text.tud_umount_cb
                0x10004da4        0x4 CMakeFiles/joystick_read.dir/C_/Users/gusta/.pico-sdk/sdk/2.1.1/lib/tinyusb/src/device/usbd.c.obj
                0x10004da4                tud_umount_cb
 .text.tud_suspend_cb
                0x10004da8        0x4 CMakeFiles/joystick_read.dir/C_/Users/gusta/.pico-sdk/sdk/2.1.1/lib/tinyusb/src/device/usbd.c.obj
                0x10004da8                tud_suspend_cb
 .text.tud_resume_cb
                0x10004dac        0x4 CMakeFiles/joystick_read.dir/C_/Users/gusta/.pico-sdk/sdk/2.1.1/lib/tinyusb/src/device/usbd.c.obj
                0x10004dac                tud_resume_cb
 .text.tud_mounted
                0x10004db0       0x10 CMakeFiles/joystick_read.dir/C_/Users/gusta/.pico-sdk/sdk/2.1.1/lib/tinyusb/src/device/usbd.c.obj
                0x10004db0                tud_mounted
 .text.tud_suspended
                0x10004dc0       0x10 CMakeFiles/joystick_read.dir/C_/Users/gusta/.pico-sdk/sdk/2.1.1/lib/tinyusb/src/device/usbd.c.obj
                0x10004dc0                tud_suspended
 .text.tud_rhport_init
                0x10004dd0       0xf4 CMakeFiles/joystick_read.dir/C_/Users/gusta/.pico-sdk/sdk/2.1.1/lib/tinyusb/src/device/usbd.c.obj
                0x10004dd0                tud_rhport_init
 .text.tud_task_ext
                0x10004ec4      0x800 CMakeFiles/joystick_read.dir/C_/Users/gusta/.pico-sdk/sdk/2.1.1/lib/tinyusb/src/device/usbd.c.obj
                0x10004ec4                tud_task_ext
 .text.usbd_open_edpt_pair
                0x100056c4       0x9c CMakeFiles/joystick_read.dir/C_/Users/gusta/.pico-sdk/sdk/2.1.1/lib/tinyusb/src/device/usbd.c.obj
                0x100056c4                usbd_open_edpt_pair
 .text.usbd_edpt_open
                0x10005760       0x34 CMakeFiles/joystick_read.dir/C_/Users/gusta/.pico-sdk/sdk/2.1.1/lib/tinyusb/src/device/usbd.c.obj
                0x10005760                usbd_edpt_open
 .text.usbd_edpt_claim
                0x10005794       0x28 CMakeFiles/joystick_read.dir/C_/Users/gusta/.pico-sdk/sdk/2.1.1/lib/tinyusb/src/device/usbd.c.obj
                0x10005794                usbd_edpt_claim
 .text.usbd_edpt_release
                0x100057bc       0x28 CMakeFiles/joystick_read.dir/C_/Users/gusta/.pico-sdk/sdk/2.1.1/lib/tinyusb/src/device/usbd.c.obj
                0x100057bc                usbd_edpt_release
 .text.usbd_edpt_xfer
                0x100057e4       0x4c CMakeFiles/joystick_read.dir/C_/Users/gusta/.pico-sdk/sdk/2.1.1/lib/tinyusb/src/device/usbd.c.obj
                0x100057e4                usbd_edpt_xfer
 .text.tud_control_status
                0x10005830       0x2c CMakeFiles/joystick_read.dir/C_/Users/gusta/.pico-sdk/sdk/2.1.1/lib/tinyusb/src/device/usbd_control.c.obj
                0x10005830                tud_control_status
 .text.tud_control_xfer
                0x1000585c       0xa8 CMakeFiles/joystick_read.dir/C_/Users/gusta/.pico-sdk/sdk/2.1.1/lib/tinyusb/src/device/usbd_control.c.obj
                0x1000585c                tud_control_xfer
 .text.usbd_control_reset
                0x10005904       0x14 CMakeFiles/joystick_read.dir/C_/Users/gusta/.pico-sdk/sdk/2.1.1/lib/tinyusb/src/device/usbd_control.c.obj
                0x10005904                usbd_control_reset
 .text.usbd_control_set_complete_callback
                0x10005918        0xc CMakeFiles/joystick_read.dir/C_/Users/gusta/.pico-sdk/sdk/2.1.1/lib/tinyusb/src/device/usbd_control.c.obj
                0x10005918                usbd_control_set_complete_callback
 .text.usbd_control_set_request
                0x10005924       0x1c CMakeFiles/joystick_read.dir/C_/Users/gusta/.pico-sdk/sdk/2.1.1/lib/tinyusb/src/device/usbd_control.c.obj
                0x10005924                usbd_control_set_request
 .text.usbd_control_xfer_cb
                0x10005940       0xec CMakeFiles/joystick_read.dir/C_/Users/gusta/.pico-sdk/sdk/2.1.1/lib/tinyusb/src/device/usbd_control.c.obj
                0x10005940                usbd_control_xfer_cb
 .text._prep_out_transaction.isra.0
                0x10005a2c       0x6c CMakeFiles/joystick_read.dir/C_/Users/gusta/.pico-sdk/sdk/2.1.1/lib/tinyusb/src/class/cdc/cdc_device.c.obj
 .text.tud_cdc_n_connected
                0x10005a98       0x2c CMakeFiles/joystick_read.dir/C_/Users/gusta/.pico-sdk/sdk/2.1.1/lib/tinyusb/src/class/cdc/cdc_device.c.obj
                0x10005a98                tud_cdc_n_connected
 .text.tud_cdc_n_available
                0x10005ac4       0x14 CMakeFiles/joystick_read.dir/C_/Users/gusta/.pico-sdk/sdk/2.1.1/lib/tinyusb/src/class/cdc/cdc_device.c.obj
                0x10005ac4                tud_cdc_n_available
 .text.tud_cdc_n_read
                0x10005ad8       0x88 CMakeFiles/joystick_read.dir/C_/Users/gusta/.pico-sdk/sdk/2.1.1/lib/tinyusb/src/class/cdc/cdc_device.c.obj
                0x10005ad8                tud_cdc_n_read
 .text.tud_cdc_n_write_flush
                0x10005b60       0x74 CMakeFiles/joystick_read.dir/C_/Users/gusta/.pico-sdk/sdk/2.1.1/lib/tinyusb/src/class/cdc/cdc_device.c.obj
                0x10005b60                tud_cdc_n_write_flush
 .text.tud_cdc_n_write
                0x10005bd4       0x40 CMakeFiles/joystick_read.dir/C_/Users/gusta/.pico-sdk/sdk/2.1.1/lib/tinyusb/src/class/cdc/cdc_device.c.obj
                0x10005bd4                tud_cdc_n_write
 .text.tud_cdc_n_write_available
                0x10005c14       0x14 CMakeFiles/joystick_read.dir/C_/Users/gusta/.pico-sdk/sdk/2.1.1/lib/tinyusb/src/class/cdc/cdc_device.c.obj
                0x10005c14                tud_cdc_n_write_available
 .text.cdcd_init
                0x10005c28       0x70 CMakeFiles/joystick_read.dir/C_/Users/gusta/.pico-sdk/sdk/2.1.1/lib/tinyusb/src/class/cdc/cdc_device.c.obj
                0x10005c28                cdcd_init
 .text.cdcd_deinit
                0x10005c98       0x30 CMakeFiles/joystick_read.dir/C_/Users/gusta/.pico-sdk/sdk/2.1.1/lib/tinyusb/src/class/cdc/cdc_device.c.obj
                0x10005c98                cdcd_deinit
 .text.cdcd_reset
                0x10005cc8       0x4c CMakeFiles/joystick_read.dir/C_/Users/gusta/.pico-sdk/sdk/2.1.1/lib/tinyusb/src/class/cdc/cdc_device.c.obj
                0x10005cc8                cdcd_reset
 .text.cdcd_open
                0x10005d14       0xa4 CMakeFiles/joystick_read.dir/C_/Users/gusta/.pico-sdk/sdk/2.1.1/lib/tinyusb/src/class/cdc/cdc_device.c.obj
                0x10005d14                cdcd_open
 .text.cdcd_control_xfer_cb
                0x10005db8       0xe8 CMakeFiles/joystick_read.dir/C_/Users/gusta/.pico-sdk/sdk/2.1.1/lib/tinyusb/src/class/cdc/cdc_device.c.obj
                0x10005db8                cdcd_control_xfer_cb
 .text.cdcd_xfer_cb
                0x10005ea0      0x100 CMakeFiles/joystick_read.dir/C_/Users/gusta/.pico-sdk/sdk/2.1.1/lib/tinyusb/src/class/cdc/cdc_device.c.obj
                0x10005ea0                cdcd_xfer_cb
 .text.vendord_init
                0x10005fa0       0x5c CMakeFiles/joystick_read.dir/C_/Users/gusta/.pico-sdk/sdk/2.1.1/lib/tinyusb/src/class/vendor/vendor_device.c.obj
                0x10005fa0                vendord_init
 .text.vendord_deinit
                0x10005ffc       0x1c CMakeFiles/joystick_read.dir/C_/Users/gusta/.pico-sdk/sdk/2.1.1/lib/tinyusb/src/class/vendor/vendor_device.c.obj
                0x10005ffc                vendord_deinit
 .text.vendord_reset
                0x10006018       0x28 CMakeFiles/joystick_read.dir/C_/Users/gusta/.pico-sdk/sdk/2.1.1/lib/tinyusb/src/class/vendor/vendor_device.c.obj
                0x10006018                vendord_reset
 .text.vendord_open
                0x10006040      0x120 CMakeFiles/joystick_read.dir/C_/Users/gusta/.pico-sdk/sdk/2.1.1/lib/tinyusb/src/class/vendor/vendor_device.c.obj
                0x10006040                vendord_open
 .text.vendord_xfer_cb
                0x10006160       0x9c CMakeFiles/joystick_read.dir/C_/Users/gusta/.pico-sdk/sdk/2.1.1/lib/tinyusb/src/class/vendor/vendor_device.c.obj
                0x10006160                vendord_xfer_cb
 .text.tusb_rhport_init
                0x100061fc       0x4c CMakeFiles/joystick_read.dir/C_/Users/gusta/.pico-sdk/sdk/2.1.1/lib/tinyusb/src/tusb.c.obj
                0x100061fc                tusb_rhport_init
 .text.tu_edpt_claim
                0x10006248       0x50 CMakeFiles/joystick_read.dir/C_/Users/gusta/.pico-sdk/sdk/2.1.1/lib/tinyusb/src/tusb.c.obj
                0x10006248                tu_edpt_claim
 .text.tu_edpt_release
                0x10006298       0x38 CMakeFiles/joystick_read.dir/C_/Users/gusta/.pico-sdk/sdk/2.1.1/lib/tinyusb/src/tusb.c.obj
                0x10006298                tu_edpt_release
 .text.tu_edpt_validate
                0x100062d0       0x7c CMakeFiles/joystick_read.dir/C_/Users/gusta/.pico-sdk/sdk/2.1.1/lib/tinyusb/src/tusb.c.obj
                0x100062d0                tu_edpt_validate
 .text.tu_edpt_bind_driver
                0x1000634c       0x34 CMakeFiles/joystick_read.dir/C_/Users/gusta/.pico-sdk/sdk/2.1.1/lib/tinyusb/src/tusb.c.obj
                0x1000634c                tu_edpt_bind_driver
 .text.tu_edpt_stream_init
                0x10006380       0x6c CMakeFiles/joystick_read.dir/C_/Users/gusta/.pico-sdk/sdk/2.1.1/lib/tinyusb/src/tusb.c.obj
                0x10006380                tu_edpt_stream_init
 .text.tu_edpt_stream_deinit
                0x100063ec        0x4 CMakeFiles/joystick_read.dir/C_/Users/gusta/.pico-sdk/sdk/2.1.1/lib/tinyusb/src/tusb.c.obj
                0x100063ec                tu_edpt_stream_deinit
 .text.tu_edpt_stream_write_zlp_if_needed
                0x100063f0       0x68 CMakeFiles/joystick_read.dir/C_/Users/gusta/.pico-sdk/sdk/2.1.1/lib/tinyusb/src/tusb.c.obj
                0x100063f0                tu_edpt_stream_write_zlp_if_needed
 .text.tu_edpt_stream_write_xfer
                0x10006458       0x68 CMakeFiles/joystick_read.dir/C_/Users/gusta/.pico-sdk/sdk/2.1.1/lib/tinyusb/src/tusb.c.obj
                0x10006458                tu_edpt_stream_write_xfer
 .text.tu_edpt_stream_read_xfer
                0x100064c0       0xd8 CMakeFiles/joystick_read.dir/C_/Users/gusta/.pico-sdk/sdk/2.1.1/lib/tinyusb/src/tusb.c.obj
                0x100064c0                tu_edpt_stream_read_xfer
 .text.tu_fifo_config
                0x10006598       0x6c CMakeFiles/joystick_read.dir/C_/Users/gusta/.pico-sdk/sdk/2.1.1/lib/tinyusb/src/common/tusb_fifo.c.obj
                0x10006598                tu_fifo_config
 .text.tu_fifo_count
                0x10006604       0x2c CMakeFiles/joystick_read.dir/C_/Users/gusta/.pico-sdk/sdk/2.1.1/lib/tinyusb/src/common/tusb_fifo.c.obj
                0x10006604                tu_fifo_count
 .text.tu_fifo_empty
                0x10006630       0x10 CMakeFiles/joystick_read.dir/C_/Users/gusta/.pico-sdk/sdk/2.1.1/lib/tinyusb/src/common/tusb_fifo.c.obj
                0x10006630                tu_fifo_empty
 .text.tu_fifo_remaining
                0x10006640       0x2c CMakeFiles/joystick_read.dir/C_/Users/gusta/.pico-sdk/sdk/2.1.1/lib/tinyusb/src/common/tusb_fifo.c.obj
                0x10006640                tu_fifo_remaining
 .text.tu_fifo_read
                0x1000666c       0x9c CMakeFiles/joystick_read.dir/C_/Users/gusta/.pico-sdk/sdk/2.1.1/lib/tinyusb/src/common/tusb_fifo.c.obj
                0x1000666c                tu_fifo_read
 .text.tu_fifo_read_n
                0x10006708       0xe8 CMakeFiles/joystick_read.dir/C_/Users/gusta/.pico-sdk/sdk/2.1.1/lib/tinyusb/src/common/tusb_fifo.c.obj
                0x10006708                tu_fifo_read_n
 .text.tu_fifo_write
                0x100067f0       0xa4 CMakeFiles/joystick_read.dir/C_/Users/gusta/.pico-sdk/sdk/2.1.1/lib/tinyusb/src/common/tusb_fifo.c.obj
                0x100067f0                tu_fifo_write
 .text.tu_fifo_write_n
                0x10006894      0x178 CMakeFiles/joystick_read.dir/C_/Users/gusta/.pico-sdk/sdk/2.1.1/lib/tinyusb/src/common/tusb_fifo.c.obj
                0x10006894                tu_fifo_write_n
 .text.tu_fifo_clear
                0x10006a0c       0x40 CMakeFiles/joystick_read.dir/C_/Users/gusta/.pico-sdk/sdk/2.1.1/lib/tinyusb/src/common/tusb_fifo.c.obj
                0x10006a0c                tu_fifo_clear
 .text.tu_fifo_set_overwritable
                0x10006a4c       0x48 CMakeFiles/joystick_read.dir/C_/Users/gusta/.pico-sdk/sdk/2.1.1/lib/tinyusb/src/common/tusb_fifo.c.obj
                0x10006a4c                tu_fifo_set_overwritable
 .text.i2c_write_blocking_internal.constprop.0
                0x10006a94       0xf8 CMakeFiles/joystick_read.dir/C_/Users/gusta/.pico-sdk/sdk/2.1.1/src/rp2_common/hardware_i2c/i2c.c.obj
 .text.i2c_set_baudrate
                0x10006b8c       0xc0 CMakeFiles/joystick_read.dir/C_/Users/gusta/.pico-sdk/sdk/2.1.1/src/rp2_common/hardware_i2c/i2c.c.obj
                0x10006b8c                i2c_set_baudrate
 .text.i2c_init
                0x10006c4c       0x50 CMakeFiles/joystick_read.dir/C_/Users/gusta/.pico-sdk/sdk/2.1.1/src/rp2_common/hardware_i2c/i2c.c.obj
                0x10006c4c                i2c_init
 .text.i2c_write_blocking
                0x10006c9c       0x14 CMakeFiles/joystick_read.dir/C_/Users/gusta/.pico-sdk/sdk/2.1.1/src/rp2_common/hardware_i2c/i2c.c.obj
                0x10006c9c                i2c_write_blocking
 .text.adc_init
                0x10006cb0       0x38 CMakeFiles/joystick_read.dir/C_/Users/gusta/.pico-sdk/sdk/2.1.1/src/rp2_common/hardware_adc/adc.c.obj
                0x10006cb0                adc_init
 .text.malloc   0x10006ce8       0x14 C:/Users/gusta/.pico-sdk/toolchain/14_2_Rel1/bin/../lib/gcc/arm-none-eabi/14.2.1/thumb/v6-m/nofp\libg.a(libc_a-malloc.o)
                0x10006ce8                malloc
 .text._malloc_r
                0x10006cfc      0x5cc C:/Users/gusta/.pico-sdk/toolchain/14_2_Rel1/bin/../lib/gcc/arm-none-eabi/14.2.1/thumb/v6-m/nofp\libg.a(libc_a-mallocr.o)
                0x10006cfc                _malloc_r
 .text.__malloc_lock
                0x100072c8       0x10 C:/Users/gusta/.pico-sdk/toolchain/14_2_Rel1/bin/../lib/gcc/arm-none-eabi/14.2.1/thumb/v6-m/nofp\libg.a(libc_a-mlock.o)
                0x100072c8                __malloc_lock
 .text.__malloc_unlock
                0x100072d8       0x10 C:/Users/gusta/.pico-sdk/toolchain/14_2_Rel1/bin/../lib/gcc/arm-none-eabi/14.2.1/thumb/v6-m/nofp\libg.a(libc_a-mlock.o)
                0x100072d8                __malloc_unlock
 .text._sbrk_r  0x100072e8       0x24 C:/Users/gusta/.pico-sdk/toolchain/14_2_Rel1/bin/../lib/gcc/arm-none-eabi/14.2.1/thumb/v6-m/nofp\libg.a(libc_a-sbrkr.o)
                0x100072e8                _sbrk_r
 .text.__errno  0x1000730c        0xc C:/Users/gusta/.pico-sdk/toolchain/14_2_Rel1/bin/../lib/gcc/arm-none-eabi/14.2.1/thumb/v6-m/nofp\libg.a(libc_a-errno.o)
                0x1000730c                __errno
 .text.__retarget_lock_acquire_recursive
                0x10007318        0x4 C:/Users/gusta/.pico-sdk/toolchain/14_2_Rel1/bin/../lib/gcc/arm-none-eabi/14.2.1/thumb/v6-m/nofp\libg.a(libc_a-lock.o)
                0x10007318                __retarget_lock_acquire_recursive
 .text.__retarget_lock_release_recursive
                0x1000731c        0x4 C:/Users/gusta/.pico-sdk/toolchain/14_2_Rel1/bin/../lib/gcc/arm-none-eabi/14.2.1/thumb/v6-m/nofp\libg.a(libc_a-lock.o)
                0x1000731c                __retarget_lock_release_recursive
 .text.sysconf  0x10007320       0x1c C:/Users/gusta/.pico-sdk/toolchain/14_2_Rel1/bin/../lib/gcc/arm-none-eabi/14.2.1/thumb/v6-m/nofp\libg.a(libc_a-sysconf.o)
                0x10007320                sysconf
 .text.strlen   0x1000733c       0x5c C:/Users/gusta/.pico-sdk/toolchain/14_2_Rel1/bin/../lib/gcc/arm-none-eabi/14.2.1/thumb/v6-m/nofp\libg.a(libc_a-strlen-stub.o)
                0x1000733c                strlen
 .text._malloc_trim_r
                0x10007398       0xb4 C:/Users/gusta/.pico-sdk/toolchain/14_2_Rel1/bin/../lib/gcc/arm-none-eabi/14.2.1/thumb/v6-m/nofp\libg.a(libc_a-freer.o)
                0x10007398                _malloc_trim_r
 .text._free_r  0x1000744c      0x1f0 C:/Users/gusta/.pico-sdk/toolchain/14_2_Rel1/bin/../lib/gcc/arm-none-eabi/14.2.1/thumb/v6-m/nofp\libg.a(libc_a-freer.o)
                0x1000744c                _free_r
 *(.fini)
 .fini          0x1000763c        0x4 C:/Users/gusta/.pico-sdk/toolchain/14_2_Rel1/bin/../lib/gcc/arm-none-eabi/14.2.1/thumb/v6-m/nofp/crti.o
                0x1000763c                _fini
 .fini.__stub   0x10007640       0xc0 linker stubs
 *crtbegin.o(.ctors)
 *crtbegin?.o(.ctors)
 *(EXCLUDE_FILE(*crtend.o *crtend?.o) .ctors)
 *(SORT_BY_NAME(.ctors.*))
 *(.ctors)
 *crtbegin.o(.dtors)
 *crtbegin?.o(.dtors)
 *(EXCLUDE_FILE(*crtend.o *crtend?.o) .dtors)
 *(SORT_BY_NAME(.dtors.*))
 *(.dtors)
                0x10007700                        . = ALIGN (0x4)
                0x10007700                        PROVIDE (__preinit_array_start = .)
 *(SORT_BY_NAME(.preinit_array.*))
 .preinit_array.00100
                0x10007700        0x4 CMakeFiles/joystick_read.dir/C_/Users/gusta/.pico-sdk/sdk/2.1.1/src/rp2_common/pico_runtime_init/runtime_init.c.obj
                0x10007700                __pre_init_runtime_init_early_resets
 .preinit_array.00101
                0x10007704        0x4 CMakeFiles/joystick_read.dir/C_/Users/gusta/.pico-sdk/sdk/2.1.1/src/rp2_common/pico_runtime_init/runtime_init.c.obj
                0x10007704                __pre_init_runtime_init_usb_power_down
 .preinit_array.00275
                0x10007708        0x4 CMakeFiles/joystick_read.dir/C_/Users/gusta/.pico-sdk/sdk/2.1.1/src/rp2_common/pico_bit_ops/bit_ops_aeabi.S.obj
 .preinit_array.00300
                0x1000770c        0x4 CMakeFiles/joystick_read.dir/C_/Users/gusta/.pico-sdk/sdk/2.1.1/src/rp2_common/pico_mem_ops/mem_ops_aeabi.S.obj
 .preinit_array.00350
                0x10007710        0x4 CMakeFiles/joystick_read.dir/C_/Users/gusta/.pico-sdk/sdk/2.1.1/src/rp2_common/pico_double/double_aeabi_rp2040.S.obj
 .preinit_array.00350
                0x10007714        0x4 CMakeFiles/joystick_read.dir/C_/Users/gusta/.pico-sdk/sdk/2.1.1/src/rp2_common/pico_float/float_aeabi_rp2040.S.obj
 .preinit_array.00500
                0x10007718        0x4 CMakeFiles/joystick_read.dir/C_/Users/gusta/.pico-sdk/sdk/2.1.1/src/rp2_common/pico_runtime_init/runtime_init.c.obj
                0x10007718                __pre_init_runtime_init_clocks
 .preinit_array.00600
                0x1000771c        0x4 CMakeFiles/joystick_read.dir/C_/Users/gusta/.pico-sdk/sdk/2.1.1/src/rp2_common/pico_runtime_init/runtime_init.c.obj
                0x1000771c                __pre_init_runtime_init_post_clock_resets
 .preinit_array.00700
                0x10007720        0x4 CMakeFiles/joystick_read.dir/C_/Users/gusta/.pico-sdk/sdk/2.1.1/src/rp2_common/pico_runtime_init/runtime_init.c.obj
                0x10007720                __pre_init_runtime_init_rp2040_gpio_ie_disable
 .preinit_array.01000
                0x10007724        0x4 CMakeFiles/joystick_read.dir/C_/Users/gusta/.pico-sdk/sdk/2.1.1/src/rp2_common/pico_runtime_init/runtime_init.c.obj
                0x10007724                __pre_init_runtime_init_spin_locks_reset
 .preinit_array.01100
                0x10007728        0x4 CMakeFiles/joystick_read.dir/C_/Users/gusta/.pico-sdk/sdk/2.1.1/src/common/pico_sync/mutex.c.obj
                0x10007728                __pre_init_runtime_init_mutex
 .preinit_array.10080
                0x1000772c        0x4 CMakeFiles/joystick_read.dir/C_/Users/gusta/.pico-sdk/sdk/2.1.1/src/rp2_common/pico_runtime_init/runtime_init.c.obj
                0x1000772c                __pre_init_runtime_init_install_ram_vector_table
 .preinit_array.11000
                0x10007730        0x4 CMakeFiles/joystick_read.dir/C_/Users/gusta/.pico-sdk/sdk/2.1.1/src/common/pico_time/time.c.obj
                0x10007730                __pre_init_runtime_init_default_alarm_pool
 .preinit_array.YYYYY
                0x10007734        0x4 CMakeFiles/joystick_read.dir/C_/Users/gusta/.pico-sdk/sdk/2.1.1/src/rp2_common/pico_runtime/runtime.c.obj
                0x10007734                __pre_init_first_per_core_initializer
 .preinit_array.ZZZZZ.01200
                0x10007738        0x4 CMakeFiles/joystick_read.dir/C_/Users/gusta/.pico-sdk/sdk/2.1.1/src/rp2_common/hardware_irq/irq.c.obj
                0x10007738                __pre_init_runtime_init_per_core_irq_priorities
 *(.preinit_array)
                0x1000773c                        PROVIDE (__preinit_array_end = .)
                0x1000773c                        . = ALIGN (0x4)
                0x1000773c                        PROVIDE (__init_array_start = .)
 *(SORT_BY_NAME(.init_array.*))
 *(.init_array)
 .init_array    0x1000773c        0x4 C:/Users/gusta/.pico-sdk/toolchain/14_2_Rel1/bin/../lib/gcc/arm-none-eabi/14.2.1/thumb/v6-m/nofp/crtbegin.o
 .init_array    0x10007740        0x4 CMakeFiles/joystick_read.dir/C_/Users/gusta/.pico-sdk/sdk/2.1.1/src/rp2_common/pico_unique_id/unique_id.c.obj
                0x10007744                        PROVIDE (__init_array_end = .)
                0x10007744                        . = ALIGN (0x4)
                [!provide]                        PROVIDE (__fini_array_start = .)
 *(SORT_BY_NAME(.fini_array.*))
 *(.fini_array)
                [!provide]                        PROVIDE (__fini_array_end = .)
 *(.eh_frame*)
 .eh_frame      0x10007744        0x0 C:/Users/gusta/.pico-sdk/toolchain/14_2_Rel1/bin/../lib/gcc/arm-none-eabi/14.2.1/thumb/v6-m/nofp/crtbegin.o
                0x10007744                        . = ALIGN (0x4)

.glue_7         0x10007744        0x0
 .glue_7        0x10007744        0x0 linker stubs

.glue_7t        0x10007744        0x0
 .glue_7t       0x10007744        0x0 linker stubs

.vfp11_veneer   0x10007744        0x0
 .vfp11_veneer  0x10007744        0x0 linker stubs

.v4_bx          0x10007744        0x0
 .v4_bx         0x10007744        0x0 linker stubs

.iplt           0x10007744        0x0
 .iplt          0x10007744        0x0 C:/Users/gusta/.pico-sdk/toolchain/14_2_Rel1/bin/../lib/gcc/arm-none-eabi/14.2.1/thumb/v6-m/nofp/crtbegin.o

.rodata         0x10007748      0x91c
 *(EXCLUDE_FILE(*libm.a: *libc.a:*lib_a-mem*.o *libgcc.a:) .rodata*)
 .rodata.setup_display.str1.4
                0x10007748      0x288 CMakeFiles/joystick_read.dir/main.c.obj
                                 0x1d (size before relaxing)
 .rodata.main.str1.4
                0x100079d0       0x84 CMakeFiles/joystick_read.dir/main.c.obj
 .rodata.ssd1306_init.str1.4
                0x100079d0       0x2b CMakeFiles/joystick_read.dir/ssd1306.c.obj
 .rodata.ssd1306_show.str1.4
                0x100079d0       0x15 CMakeFiles/joystick_read.dir/ssd1306.c.obj
 .rodata.font   0x100079d0      0x1e0 CMakeFiles/joystick_read.dir/font.c.obj
                0x100079d0                font
 .rodata.panic.str1.4
                0x10007bb0       0x12 CMakeFiles/joystick_read.dir/C_/Users/gusta/.pico-sdk/sdk/2.1.1/src/rp2_common/pico_platform_panic/panic.c.obj
 .rodata.spin_lock_claim_unused.str1.4
                0x10007bb0       0x1b CMakeFiles/joystick_read.dir/C_/Users/gusta/.pico-sdk/sdk/2.1.1/src/rp2_common/hardware_sync/sync.c.obj
 .rodata.user_irq_claim_unused.str1.4
                0x10007bb0       0x1b CMakeFiles/joystick_read.dir/C_/Users/gusta/.pico-sdk/sdk/2.1.1/src/rp2_common/hardware_irq/irq.c.obj
 .rodata.timer_hardware_alarm_claim.str1.4
                0x10007bb0       0x22 CMakeFiles/joystick_read.dir/C_/Users/gusta/.pico-sdk/sdk/2.1.1/src/rp2_common/hardware_timer/timer.c.obj
 .rodata.hard_assertion_failure.str1.4
                0x10007bb0        0xc CMakeFiles/joystick_read.dir/C_/Users/gusta/.pico-sdk/sdk/2.1.1/src/rp2_common/pico_runtime/runtime.c.obj
 .rodata.missing_double_func_shim.str1.4
                0x10007bb0       0x18 CMakeFiles/joystick_read.dir/C_/Users/gusta/.pico-sdk/sdk/2.1.1/src/rp2_common/pico_double/double_init_rom_rp2040.c.obj
 .rodata.missing_float_func_shim.str1.4
                0x10007bb0        0x1 CMakeFiles/joystick_read.dir/C_/Users/gusta/.pico-sdk/sdk/2.1.1/src/rp2_common/pico_float/float_init_rom_rp2040.c.obj
 .rodata.__wrap_malloc.str1.4
                0x10007bb0        0xe CMakeFiles/joystick_read.dir/C_/Users/gusta/.pico-sdk/sdk/2.1.1/src/rp2_common/pico_malloc/malloc.c.obj
 .rodata.str1.4
                0x10007bb0       0x48 CMakeFiles/joystick_read.dir/C_/Users/gusta/.pico-sdk/sdk/2.1.1/src/rp2_common/pico_standard_binary_info/standard_binary_info.c.obj
 .rodata.__bi_84
                0x10007bb0        0xc CMakeFiles/joystick_read.dir/C_/Users/gusta/.pico-sdk/sdk/2.1.1/src/rp2_common/pico_standard_binary_info/standard_binary_info.c.obj
 .rodata.__bi_78
                0x10007bbc        0xc CMakeFiles/joystick_read.dir/C_/Users/gusta/.pico-sdk/sdk/2.1.1/src/rp2_common/pico_standard_binary_info/standard_binary_info.c.obj
 .rodata.__bi_60
                0x10007bc8        0xc CMakeFiles/joystick_read.dir/C_/Users/gusta/.pico-sdk/sdk/2.1.1/src/rp2_common/pico_standard_binary_info/standard_binary_info.c.obj
 .rodata.__bi_54
                0x10007bd4        0xc CMakeFiles/joystick_read.dir/C_/Users/gusta/.pico-sdk/sdk/2.1.1/src/rp2_common/pico_standard_binary_info/standard_binary_info.c.obj
 .rodata.__bi_48
                0x10007be0        0xc CMakeFiles/joystick_read.dir/C_/Users/gusta/.pico-sdk/sdk/2.1.1/src/rp2_common/pico_standard_binary_info/standard_binary_info.c.obj
 .rodata.__bi_42
                0x10007bec        0xc CMakeFiles/joystick_read.dir/C_/Users/gusta/.pico-sdk/sdk/2.1.1/src/rp2_common/pico_standard_binary_info/standard_binary_info.c.obj
 .rodata.__bi_34
                0x10007bf8        0xc CMakeFiles/joystick_read.dir/C_/Users/gusta/.pico-sdk/sdk/2.1.1/src/rp2_common/pico_standard_binary_info/standard_binary_info.c.obj
 .rodata.__bi_26
                0x10007c04        0xc CMakeFiles/joystick_read.dir/C_/Users/gusta/.pico-sdk/sdk/2.1.1/src/rp2_common/pico_standard_binary_info/standard_binary_info.c.obj
 .rodata._ftoa.str1.4
                0x10007c10       0x15 CMakeFiles/joystick_read.dir/C_/Users/gusta/.pico-sdk/sdk/2.1.1/src/rp2_common/pico_printf/printf.c.obj
 .rodata._vsnprintf
                0x10007c10      0x19c CMakeFiles/joystick_read.dir/C_/Users/gusta/.pico-sdk/sdk/2.1.1/src/rp2_common/pico_printf/printf.c.obj
 *fill*         0x10007dac        0x4 
 .rodata.pow10.0
                0x10007db0       0x50 CMakeFiles/joystick_read.dir/C_/Users/gusta/.pico-sdk/sdk/2.1.1/src/rp2_common/pico_printf/printf.c.obj
 .rodata.crlf_str.0
                0x10007e00        0x2 CMakeFiles/joystick_read.dir/C_/Users/gusta/.pico-sdk/sdk/2.1.1/src/rp2_common/pico_stdio/stdio.c.obj
 *fill*         0x10007e02        0x2 
 .rodata._resetd_driver
                0x10007e04       0x20 CMakeFiles/joystick_read.dir/C_/Users/gusta/.pico-sdk/sdk/2.1.1/src/rp2_common/pico_stdio_usb/reset_interface.c.obj
 .rodata.desc_ms_os_20
                0x10007e24       0xa6 CMakeFiles/joystick_read.dir/C_/Users/gusta/.pico-sdk/sdk/2.1.1/src/rp2_common/pico_stdio_usb/reset_interface.c.obj
 *fill*         0x10007eca        0x2 
 .rodata.desc_bos
                0x10007ecc       0x21 CMakeFiles/joystick_read.dir/C_/Users/gusta/.pico-sdk/sdk/2.1.1/src/rp2_common/pico_stdio_usb/reset_interface.c.obj
                0x10007ecc                desc_bos
 .rodata.str1.4
                0x10007eed       0x13 CMakeFiles/joystick_read.dir/C_/Users/gusta/.pico-sdk/sdk/2.1.1/src/rp2_common/pico_stdio_usb/stdio_usb.c.obj
 *fill*         0x10007eed        0x3 
 .rodata.__bi_197.0
                0x10007ef0        0xc CMakeFiles/joystick_read.dir/C_/Users/gusta/.pico-sdk/sdk/2.1.1/src/rp2_common/pico_stdio_usb/stdio_usb.c.obj
 .rodata.str1.4
                0x10007efc       0x2a CMakeFiles/joystick_read.dir/C_/Users/gusta/.pico-sdk/sdk/2.1.1/src/rp2_common/pico_stdio_usb/stdio_usb_descriptors.c.obj
 .rodata.usbd_desc_str
                0x10007efc       0x18 CMakeFiles/joystick_read.dir/C_/Users/gusta/.pico-sdk/sdk/2.1.1/src/rp2_common/pico_stdio_usb/stdio_usb_descriptors.c.obj
 .rodata.usbd_desc_cfg
                0x10007f14       0x54 CMakeFiles/joystick_read.dir/C_/Users/gusta/.pico-sdk/sdk/2.1.1/src/rp2_common/pico_stdio_usb/stdio_usb_descriptors.c.obj
 .rodata.usbd_desc_device
                0x10007f68       0x12 CMakeFiles/joystick_read.dir/C_/Users/gusta/.pico-sdk/sdk/2.1.1/src/rp2_common/pico_stdio_usb/stdio_usb_descriptors.c.obj
 .rodata.str1.4
                0x10007f7a       0x14 CMakeFiles/joystick_read.dir/C_/Users/gusta/.pico-sdk/sdk/2.1.1/lib/tinyusb/src/portable/raspberrypi/rp2040/dcd_rp2040.c.obj
 .rodata.str1.4
                0x10007f7a       0x48 CMakeFiles/joystick_read.dir/C_/Users/gusta/.pico-sdk/sdk/2.1.1/lib/tinyusb/src/portable/raspberrypi/rp2040/rp2040_usb.c.obj
 *fill*         0x10007f7a        0x2 
 .rodata.tud_task_ext
                0x10007f7c       0x8c CMakeFiles/joystick_read.dir/C_/Users/gusta/.pico-sdk/sdk/2.1.1/lib/tinyusb/src/device/usbd.c.obj
 .rodata        0x10008008       0x1c CMakeFiles/joystick_read.dir/C_/Users/gusta/.pico-sdk/sdk/2.1.1/lib/tinyusb/src/device/usbd.c.obj
 .rodata._usbd_driver
                0x10008024       0x40 CMakeFiles/joystick_read.dir/C_/Users/gusta/.pico-sdk/sdk/2.1.1/lib/tinyusb/src/device/usbd.c.obj
                0x10008064                        . = ALIGN (0x4)
 *(SORT_BY_ALIGNMENT(SORT_BY_NAME(.flashdata*)))
                0x10008064                        . = ALIGN (0x4)

.ARM.extab
 *(.ARM.extab* .gnu.linkonce.armextab.*)
                0x10008064                        __exidx_start = .

.ARM.exidx
 *(.ARM.exidx* .gnu.linkonce.armexidx.*)
                0x10008064                        __exidx_end = .
                0x10008064                        . = ALIGN (0x4)
                0x10008064                        __binary_info_start = .

.binary_info    0x10008064       0x24
 *(.binary_info.keep.*)
 .binary_info.keep.__bi_ptr84
                0x10008064        0x4 CMakeFiles/joystick_read.dir/C_/Users/gusta/.pico-sdk/sdk/2.1.1/src/rp2_common/pico_standard_binary_info/standard_binary_info.c.obj
 .binary_info.keep.__bi_ptr78
                0x10008068        0x4 CMakeFiles/joystick_read.dir/C_/Users/gusta/.pico-sdk/sdk/2.1.1/src/rp2_common/pico_standard_binary_info/standard_binary_info.c.obj
 .binary_info.keep.__bi_ptr60
                0x1000806c        0x4 CMakeFiles/joystick_read.dir/C_/Users/gusta/.pico-sdk/sdk/2.1.1/src/rp2_common/pico_standard_binary_info/standard_binary_info.c.obj
 .binary_info.keep.__bi_ptr54
                0x10008070        0x4 CMakeFiles/joystick_read.dir/C_/Users/gusta/.pico-sdk/sdk/2.1.1/src/rp2_common/pico_standard_binary_info/standard_binary_info.c.obj
 .binary_info.keep.__bi_ptr48
                0x10008074        0x4 CMakeFiles/joystick_read.dir/C_/Users/gusta/.pico-sdk/sdk/2.1.1/src/rp2_common/pico_standard_binary_info/standard_binary_info.c.obj
 .binary_info.keep.__bi_ptr42
                0x10008078        0x4 CMakeFiles/joystick_read.dir/C_/Users/gusta/.pico-sdk/sdk/2.1.1/src/rp2_common/pico_standard_binary_info/standard_binary_info.c.obj
 .binary_info.keep.__bi_ptr34
                0x1000807c        0x4 CMakeFiles/joystick_read.dir/C_/Users/gusta/.pico-sdk/sdk/2.1.1/src/rp2_common/pico_standard_binary_info/standard_binary_info.c.obj
 .binary_info.keep.__bi_ptr26
                0x10008080        0x4 CMakeFiles/joystick_read.dir/C_/Users/gusta/.pico-sdk/sdk/2.1.1/src/rp2_common/pico_standard_binary_info/standard_binary_info.c.obj
 *(.binary_info.*)
 .binary_info.__bi_ptr197
                0x10008084        0x4 CMakeFiles/joystick_read.dir/C_/Users/gusta/.pico-sdk/sdk/2.1.1/src/rp2_common/pico_stdio_usb/stdio_usb.c.obj
                0x10008088                        __binary_info_end = .

.rel.dyn        0x10008088        0x0
 .rel.iplt      0x10008088        0x0 C:/Users/gusta/.pico-sdk/toolchain/14_2_Rel1/bin/../lib/gcc/arm-none-eabi/14.2.1/thumb/v6-m/nofp/crtbegin.o
                0x10008088                        . = ALIGN (0x4)

.ram_vector_table
                0x20000000       0xc0
 *(.ram_vector_table)
 .ram_vector_table
                0x20000000       0xc0 CMakeFiles/joystick_read.dir/C_/Users/gusta/.pico-sdk/sdk/2.1.1/src/rp2_common/pico_runtime_init/runtime_init.c.obj
                0x20000000                ram_vector_table

.uninitialized_data
                0x200000c0        0x0
                0x200000c0                        . = ALIGN (0x4)
 *(.uninitialized_data*)

.data           0x200000c0     0x1508 load address 0x10008088
                0x200000c0                        __data_start__ = .
 *(vtable)
 *(.time_critical*)
 .time_critical.mutex_try_enter
                0x200000c0       0x40 CMakeFiles/joystick_read.dir/C_/Users/gusta/.pico-sdk/sdk/2.1.1/src/common/pico_sync/mutex.c.obj
                0x200000c0                mutex_try_enter
 .time_critical.mutex_try_enter_block_until
                0x20000100       0x98 CMakeFiles/joystick_read.dir/C_/Users/gusta/.pico-sdk/sdk/2.1.1/src/common/pico_sync/mutex.c.obj
                0x20000100                mutex_try_enter_block_until
 .time_critical.mutex_enter_timeout_ms
                0x20000198       0x8c CMakeFiles/joystick_read.dir/C_/Users/gusta/.pico-sdk/sdk/2.1.1/src/common/pico_sync/mutex.c.obj
                0x20000198                mutex_enter_timeout_ms
 .time_critical.mutex_exit
                0x20000224       0x28 CMakeFiles/joystick_read.dir/C_/Users/gusta/.pico-sdk/sdk/2.1.1/src/common/pico_sync/mutex.c.obj
                0x20000224                mutex_exit
 .time_critical.flash_init_boot2_copyout
                0x2000024c       0x30 CMakeFiles/joystick_read.dir/C_/Users/gusta/.pico-sdk/sdk/2.1.1/src/rp2_common/hardware_flash/flash.c.obj
 .time_critical.flash_enable_xip_via_boot2
                0x2000027c        0xc CMakeFiles/joystick_read.dir/C_/Users/gusta/.pico-sdk/sdk/2.1.1/src/rp2_common/hardware_flash/flash.c.obj
 .time_critical.flash_cs_force
                0x20000288       0x38 CMakeFiles/joystick_read.dir/C_/Users/gusta/.pico-sdk/sdk/2.1.1/src/rp2_common/hardware_flash/flash.c.obj
 .time_critical.flash_do_cmd
                0x200002c0      0x130 CMakeFiles/joystick_read.dir/C_/Users/gusta/.pico-sdk/sdk/2.1.1/src/rp2_common/hardware_flash/flash.c.obj
                0x200002c0                flash_do_cmd
 .time_critical.reset_non_control_endpoints
                0x200003f0       0x68 CMakeFiles/joystick_read.dir/C_/Users/gusta/.pico-sdk/sdk/2.1.1/lib/tinyusb/src/portable/raspberrypi/rp2040/dcd_rp2040.c.obj
 .time_critical.hw_handle_buff_status
                0x20000458       0xa0 CMakeFiles/joystick_read.dir/C_/Users/gusta/.pico-sdk/sdk/2.1.1/lib/tinyusb/src/portable/raspberrypi/rp2040/dcd_rp2040.c.obj
 .time_critical.dcd_rp2040_irq
                0x200004f8      0x548 CMakeFiles/joystick_read.dir/C_/Users/gusta/.pico-sdk/sdk/2.1.1/lib/tinyusb/src/portable/raspberrypi/rp2040/dcd_rp2040.c.obj
 .time_critical.prepare_ep_buffer
                0x20000a40       0xc8 CMakeFiles/joystick_read.dir/C_/Users/gusta/.pico-sdk/sdk/2.1.1/lib/tinyusb/src/portable/raspberrypi/rp2040/rp2040_usb.c.obj
 .time_critical.sync_ep_buffer
                0x20000b08       0x9c CMakeFiles/joystick_read.dir/C_/Users/gusta/.pico-sdk/sdk/2.1.1/lib/tinyusb/src/portable/raspberrypi/rp2040/rp2040_usb.c.obj
 .time_critical._hw_endpoint_xfer_sync
                0x20000ba4       0x28 CMakeFiles/joystick_read.dir/C_/Users/gusta/.pico-sdk/sdk/2.1.1/lib/tinyusb/src/portable/raspberrypi/rp2040/rp2040_usb.c.obj
 .time_critical.e15_is_bulkin_ep
                0x20000bcc       0x28 CMakeFiles/joystick_read.dir/C_/Users/gusta/.pico-sdk/sdk/2.1.1/lib/tinyusb/src/portable/raspberrypi/rp2040/rp2040_usb.c.obj
 .time_critical.e15_is_critical_frame_period
                0x20000bf4       0x34 CMakeFiles/joystick_read.dir/C_/Users/gusta/.pico-sdk/sdk/2.1.1/lib/tinyusb/src/portable/raspberrypi/rp2040/rp2040_usb.c.obj
 .time_critical.hw_endpoint_reset_transfer
                0x20000c28        0xc CMakeFiles/joystick_read.dir/C_/Users/gusta/.pico-sdk/sdk/2.1.1/lib/tinyusb/src/portable/raspberrypi/rp2040/rp2040_usb.c.obj
                0x20000c28                hw_endpoint_reset_transfer
 .time_critical._hw_endpoint_buffer_control_update32
                0x20000c34       0x50 CMakeFiles/joystick_read.dir/C_/Users/gusta/.pico-sdk/sdk/2.1.1/lib/tinyusb/src/portable/raspberrypi/rp2040/rp2040_usb.c.obj
                0x20000c34                _hw_endpoint_buffer_control_update32
 .time_critical.hw_endpoint_start_next_buffer
                0x20000c84       0x68 CMakeFiles/joystick_read.dir/C_/Users/gusta/.pico-sdk/sdk/2.1.1/lib/tinyusb/src/portable/raspberrypi/rp2040/rp2040_usb.c.obj
                0x20000c84                hw_endpoint_start_next_buffer
 .time_critical.hw_endpoint_xfer_continue
                0x20000cec       0x40 CMakeFiles/joystick_read.dir/C_/Users/gusta/.pico-sdk/sdk/2.1.1/lib/tinyusb/src/portable/raspberrypi/rp2040/rp2040_usb.c.obj
                0x20000cec                hw_endpoint_xfer_continue
 .time_critical.tinyusb
                0x20000d2c      0x1e4 CMakeFiles/joystick_read.dir/C_/Users/gusta/.pico-sdk/sdk/2.1.1/lib/tinyusb/src/device/usbd.c.obj
                0x20000d2c                dcd_event_handler
 *(.text*)
 .text          0x20000f10        0x4 C:/Users/gusta/.pico-sdk/toolchain/14_2_Rel1/bin/../lib/gcc/arm-none-eabi/14.2.1/thumb/v6-m/nofp\libgcc.a(_dvmd_tls.o)
                0x20000f10                __aeabi_idiv0
                0x20000f10                __aeabi_ldiv0
 *fill*         0x20000f14        0x4 
 .text.__stub   0x20000f18       0x80 linker stubs
                0x20000f98                        . = ALIGN (0x4)
 *(.rodata*)
                0x20000f98                        . = ALIGN (0x4)
 *(.data*)
 .data.striped_spin_lock_num
                0x20000f98        0x1 CMakeFiles/joystick_read.dir/C_/Users/gusta/.pico-sdk/sdk/2.1.1/src/rp2_common/hardware_sync/sync.c.obj
 *fill*         0x20000f99        0x3 
 .data          0x20000f9c       0x48 CMakeFiles/joystick_read.dir/C_/Users/gusta/.pico-sdk/sdk/2.1.1/src/rp2_common/hardware_irq/irq_handler_chain.S.obj
                0x20000f9c                irq_handler_chain_slots
                0x20000fcc                irq_handler_chain_first_slot
                0x20000fd6                irq_handler_chain_remove_tail
 .data.default_alarm_pool
                0x20000fe4       0x18 CMakeFiles/joystick_read.dir/C_/Users/gusta/.pico-sdk/sdk/2.1.1/src/common/pico_time/time.c.obj
 *fill*         0x20000ffc        0x4 
 .data.aeabi_bits_funcs
                0x20001000       0x10 CMakeFiles/joystick_read.dir/C_/Users/gusta/.pico-sdk/sdk/2.1.1/src/rp2_common/pico_bit_ops/bit_ops_aeabi.S.obj
                0x20001000                aeabi_bits_funcs
                0x20001010                aeabi_bits_funcs_end
 .data.aeabi_mem_funcs
                0x20001010       0x10 CMakeFiles/joystick_read.dir/C_/Users/gusta/.pico-sdk/sdk/2.1.1/src/rp2_common/pico_mem_ops/mem_ops_aeabi.S.obj
                0x20001010                aeabi_mem_funcs
                0x20001020                aeabi_mem_funcs_end
 .data.stdio_usb
                0x20001020       0x18 CMakeFiles/joystick_read.dir/C_/Users/gusta/.pico-sdk/sdk/2.1.1/src/rp2_common/pico_stdio_usb/stdio_usb.c.obj
                0x20001020                stdio_usb
 .data._usbd_qdef
                0x20001038       0x1c CMakeFiles/joystick_read.dir/C_/Users/gusta/.pico-sdk/sdk/2.1.1/lib/tinyusb/src/device/usbd.c.obj
                0x20001038                _usbd_qdef
 .data._usbd_rhport
                0x20001054        0x1 CMakeFiles/joystick_read.dir/C_/Users/gusta/.pico-sdk/sdk/2.1.1/lib/tinyusb/src/device/usbd.c.obj
 *fill*         0x20001055        0x3 
 .data.i2c1_inst
                0x20001058        0x8 CMakeFiles/joystick_read.dir/C_/Users/gusta/.pico-sdk/sdk/2.1.1/src/rp2_common/hardware_i2c/i2c.c.obj
                0x20001058                i2c1_inst
 .data.i2c0_inst
                0x20001060        0x8 CMakeFiles/joystick_read.dir/C_/Users/gusta/.pico-sdk/sdk/2.1.1/src/rp2_common/hardware_i2c/i2c.c.obj
                0x20001060                i2c0_inst
 .data.__malloc_sbrk_base
                0x20001068        0x4 C:/Users/gusta/.pico-sdk/toolchain/14_2_Rel1/bin/../lib/gcc/arm-none-eabi/14.2.1/thumb/v6-m/nofp\libg.a(libc_a-mallocr.o)
                0x20001068                __malloc_sbrk_base
 .data.__malloc_trim_threshold
                0x2000106c        0x4 C:/Users/gusta/.pico-sdk/toolchain/14_2_Rel1/bin/../lib/gcc/arm-none-eabi/14.2.1/thumb/v6-m/nofp\libg.a(libc_a-mallocr.o)
                0x2000106c                __malloc_trim_threshold
 .data.__malloc_av_
                0x20001070      0x408 C:/Users/gusta/.pico-sdk/toolchain/14_2_Rel1/bin/../lib/gcc/arm-none-eabi/14.2.1/thumb/v6-m/nofp\libg.a(libc_a-mallocr.o)
                0x20001070                __malloc_av_
 .data._impure_ptr
                0x20001478        0x4 C:/Users/gusta/.pico-sdk/toolchain/14_2_Rel1/bin/../lib/gcc/arm-none-eabi/14.2.1/thumb/v6-m/nofp\libg.a(libc_a-impure.o)
                0x20001478                _impure_ptr
 *fill*         0x2000147c        0x4 
 .data._impure_data
                0x20001480      0x140 C:/Users/gusta/.pico-sdk/toolchain/14_2_Rel1/bin/../lib/gcc/arm-none-eabi/14.2.1/thumb/v6-m/nofp\libg.a(libc_a-impure.o)
                0x20001480                _impure_data
                0x200015c0                        . = ALIGN (0x4)
 *(.after_data.*)
                0x200015c0                        . = ALIGN (0x4)
                0x200015c0                        PROVIDE (__mutex_array_start = .)
 *(SORT_BY_NAME(.mutex_array.*))
 *(.mutex_array)
 .mutex_array   0x200015c0        0x8 CMakeFiles/joystick_read.dir/C_/Users/gusta/.pico-sdk/sdk/2.1.1/src/rp2_common/pico_stdio/stdio.c.obj
                0x200015c8                        PROVIDE (__mutex_array_end = .)
                0x200015c8                        . = ALIGN (0x4)
 *(.jcr)
                0x200015c8                        . = ALIGN (0x4)

.tm_clone_table
                0x200015c8        0x0 load address 0x10009590
 .tm_clone_table
                0x200015c8        0x0 C:/Users/gusta/.pico-sdk/toolchain/14_2_Rel1/bin/../lib/gcc/arm-none-eabi/14.2.1/thumb/v6-m/nofp/crtbegin.o
 .tm_clone_table
                0x200015c8        0x0 C:/Users/gusta/.pico-sdk/toolchain/14_2_Rel1/bin/../lib/gcc/arm-none-eabi/14.2.1/thumb/v6-m/nofp/crtend.o

.igot.plt       0x200015c8        0x0 load address 0x10009590
 .igot.plt      0x200015c8        0x0 C:/Users/gusta/.pico-sdk/toolchain/14_2_Rel1/bin/../lib/gcc/arm-none-eabi/14.2.1/thumb/v6-m/nofp/crtbegin.o

.tdata          0x200015c8        0x0 load address 0x10009590
                0x200015c8                        . = ALIGN (0x4)
 *(.tdata .tdata.* .gnu.linkonce.td.*)
                0x200015c8                        __tdata_end = .
                0x200015c8                        PROVIDE (__data_end__ = .)
                0x10008088                        __etext = LOADADDR (.data)

.tbss           0x200015c8        0x0 load address 0x10009590
                0x200015c8                        . = ALIGN (0x4)
                0x200015c8                        __bss_start__ = .
                0x200015c8                        __tls_base = .
 *(.tbss .tbss.* .gnu.linkonce.tb.*)
 *(.tcommon)
                0x200015c8                        __tls_end = .

.bss            0x200015c8     0x108c load address 0x10009590
                0x200015c8                        . = ALIGN (0x4)
                0x200015c8                        __tbss_end = .
 *(SORT_BY_ALIGNMENT(SORT_BY_NAME(.bss*)))
 .bss.default_alarm_pool_entries
                0x200015c8      0x180 CMakeFiles/joystick_read.dir/C_/Users/gusta/.pico-sdk/sdk/2.1.1/src/common/pico_time/time.c.obj
 .bss.last_avail_time.1
                0x20001748        0x8 CMakeFiles/joystick_read.dir/C_/Users/gusta/.pico-sdk/sdk/2.1.1/src/rp2_common/pico_stdio_usb/stdio_usb.c.obj
 .bss.sd_table  0x20001750      0x100 CMakeFiles/joystick_read.dir/C_/Users/gusta/.pico-sdk/sdk/2.1.1/src/rp2_common/pico_double/double_init_rom_rp2040.c.obj
                0x20001750                sd_table
 .bss.__lock___malloc_recursive_mutex
                0x20001850        0x1 C:/Users/gusta/.pico-sdk/toolchain/14_2_Rel1/bin/../lib/gcc/arm-none-eabi/14.2.1/thumb/v6-m/nofp\libg.a(libc_a-lock.o)
                0x20001850                __lock___malloc_recursive_mutex
 *fill*         0x20001851        0x3 
 .bss.__malloc_current_mallinfo
                0x20001854       0x28 C:/Users/gusta/.pico-sdk/toolchain/14_2_Rel1/bin/../lib/gcc/arm-none-eabi/14.2.1/thumb/v6-m/nofp\libg.a(libc_a-mallocr.o)
                0x20001854                __malloc_current_mallinfo
 .bss.__malloc_max_sbrked_mem
                0x2000187c        0x4 C:/Users/gusta/.pico-sdk/toolchain/14_2_Rel1/bin/../lib/gcc/arm-none-eabi/14.2.1/thumb/v6-m/nofp\libg.a(libc_a-mallocr.o)
                0x2000187c                __malloc_max_sbrked_mem
 .bss.__malloc_max_total_mem
                0x20001880        0x4 C:/Users/gusta/.pico-sdk/toolchain/14_2_Rel1/bin/../lib/gcc/arm-none-eabi/14.2.1/thumb/v6-m/nofp\libg.a(libc_a-mallocr.o)
                0x20001880                __malloc_max_total_mem
 .bss.__malloc_top_pad
                0x20001884        0x4 C:/Users/gusta/.pico-sdk/toolchain/14_2_Rel1/bin/../lib/gcc/arm-none-eabi/14.2.1/thumb/v6-m/nofp\libg.a(libc_a-mallocr.o)
                0x20001884                __malloc_top_pad
 .bss.__sf      0x20001888      0x138 C:/Users/gusta/.pico-sdk/toolchain/14_2_Rel1/bin/../lib/gcc/arm-none-eabi/14.2.1/thumb/v6-m/nofp\libg.a(libc_a-findfp.o)
                0x20001888                __sf
 .bss._app_driver
                0x200019c0        0x4 CMakeFiles/joystick_read.dir/C_/Users/gusta/.pico-sdk/sdk/2.1.1/lib/tinyusb/src/device/usbd.c.obj
 .bss._cdcd_epbuf
                0x200019c4       0x80 CMakeFiles/joystick_read.dir/C_/Users/gusta/.pico-sdk/sdk/2.1.1/lib/tinyusb/src/class/cdc/cdc_device.c.obj
 .bss._cdcd_fifo_cfg
                0x20001a44        0x1 CMakeFiles/joystick_read.dir/C_/Users/gusta/.pico-sdk/sdk/2.1.1/lib/tinyusb/src/class/cdc/cdc_device.c.obj
 *fill*         0x20001a45        0x3 
 .bss._cdcd_itf
                0x20001a48       0xc8 CMakeFiles/joystick_read.dir/C_/Users/gusta/.pico-sdk/sdk/2.1.1/lib/tinyusb/src/class/cdc/cdc_device.c.obj
 .bss._ctrl_epbuf
                0x20001b10       0x40 CMakeFiles/joystick_read.dir/C_/Users/gusta/.pico-sdk/sdk/2.1.1/lib/tinyusb/src/device/usbd_control.c.obj
 .bss._ctrl_xfer
                0x20001b50       0x14 CMakeFiles/joystick_read.dir/C_/Users/gusta/.pico-sdk/sdk/2.1.1/lib/tinyusb/src/device/usbd_control.c.obj
 .bss._tusb_rhport_role
                0x20001b64        0x2 CMakeFiles/joystick_read.dir/C_/Users/gusta/.pico-sdk/sdk/2.1.1/lib/tinyusb/src/tusb.c.obj
                0x20001b64                _tusb_rhport_role
 *fill*         0x20001b66        0x2 
 .bss._ubsd_mutexdef
                0x20001b68        0x8 CMakeFiles/joystick_read.dir/C_/Users/gusta/.pico-sdk/sdk/2.1.1/lib/tinyusb/src/device/usbd.c.obj
 .bss._usbd_dev
                0x20001b70       0x54 CMakeFiles/joystick_read.dir/C_/Users/gusta/.pico-sdk/sdk/2.1.1/lib/tinyusb/src/device/usbd.c.obj
 .bss._usbd_mutex
                0x20001bc4        0x4 CMakeFiles/joystick_read.dir/C_/Users/gusta/.pico-sdk/sdk/2.1.1/lib/tinyusb/src/device/usbd.c.obj
 .bss._usbd_q   0x20001bc8        0x4 CMakeFiles/joystick_read.dir/C_/Users/gusta/.pico-sdk/sdk/2.1.1/lib/tinyusb/src/device/usbd.c.obj
 .bss._usbd_qdef_buf
                0x20001bcc       0xc0 CMakeFiles/joystick_read.dir/C_/Users/gusta/.pico-sdk/sdk/2.1.1/lib/tinyusb/src/device/usbd.c.obj
                0x20001bcc                _usbd_qdef_buf
 .bss._vendord_epbuf
                0x20001c8c       0x80 CMakeFiles/joystick_read.dir/C_/Users/gusta/.pico-sdk/sdk/2.1.1/lib/tinyusb/src/class/vendor/vendor_device.c.obj
 .bss._vendord_itf
                0x20001d0c      0x24c CMakeFiles/joystick_read.dir/C_/Users/gusta/.pico-sdk/sdk/2.1.1/lib/tinyusb/src/class/vendor/vendor_device.c.obj
 .bss.boot2_copyout
                0x20001f58      0x100 CMakeFiles/joystick_read.dir/C_/Users/gusta/.pico-sdk/sdk/2.1.1/src/rp2_common/hardware_flash/flash.c.obj
 .bss.chars_available_callback
                0x20002058        0x4 CMakeFiles/joystick_read.dir/C_/Users/gusta/.pico-sdk/sdk/2.1.1/src/rp2_common/pico_stdio_usb/stdio_usb.c.obj
 .bss.chars_available_param
                0x2000205c        0x4 CMakeFiles/joystick_read.dir/C_/Users/gusta/.pico-sdk/sdk/2.1.1/src/rp2_common/pico_stdio_usb/stdio_usb.c.obj
 .bss.claimed   0x20002060        0x4 CMakeFiles/joystick_read.dir/C_/Users/gusta/.pico-sdk/sdk/2.1.1/src/rp2_common/hardware_sync/sync.c.obj
 .bss.claimed   0x20002064        0x1 CMakeFiles/joystick_read.dir/C_/Users/gusta/.pico-sdk/sdk/2.1.1/src/rp2_common/hardware_timer/timer.c.obj
 *fill*         0x20002065        0x3 
 .bss.configured_freq
                0x20002068       0x28 CMakeFiles/joystick_read.dir/C_/Users/gusta/.pico-sdk/sdk/2.1.1/src/rp2_common/hardware_clocks/clocks.c.obj
 .bss.desc_str.0
                0x20002090       0x28 CMakeFiles/joystick_read.dir/C_/Users/gusta/.pico-sdk/sdk/2.1.1/src/rp2_common/pico_stdio_usb/stdio_usb_descriptors.c.obj
 .bss.disp      0x200020b8       0x18 CMakeFiles/joystick_read.dir/main.c.obj
                0x200020b8                disp
 .bss.drivers   0x200020d0        0x4 CMakeFiles/joystick_read.dir/C_/Users/gusta/.pico-sdk/sdk/2.1.1/src/rp2_common/pico_stdio/stdio.c.obj
 .bss.e15_last_sof
                0x200020d4        0x4 CMakeFiles/joystick_read.dir/C_/Users/gusta/.pico-sdk/sdk/2.1.1/lib/tinyusb/src/portable/raspberrypi/rp2040/rp2040_usb.c.obj
                0x200020d4                e15_last_sof
 .bss.errno     0x200020d8        0x4 C:/Users/gusta/.pico-sdk/toolchain/14_2_Rel1/bin/../lib/gcc/arm-none-eabi/14.2.1/thumb/v6-m/nofp\libg.a(libc_a-reent.o)
                0x200020d8                errno
 .bss.filter    0x200020dc        0x4 CMakeFiles/joystick_read.dir/C_/Users/gusta/.pico-sdk/sdk/2.1.1/src/rp2_common/pico_stdio/stdio.c.obj
 .bss.heap_end.0
                0x200020e0        0x4 CMakeFiles/joystick_read.dir/C_/Users/gusta/.pico-sdk/sdk/2.1.1/src/rp2_common/pico_clib_interface/newlib_interface.c.obj
 .bss.hw_endpoints
                0x200020e4      0x400 CMakeFiles/joystick_read.dir/C_/Users/gusta/.pico-sdk/sdk/2.1.1/lib/tinyusb/src/portable/raspberrypi/rp2040/dcd_rp2040.c.obj
 .bss.lazy_vsnprintf
                0x200024e4        0x4 CMakeFiles/joystick_read.dir/C_/Users/gusta/.pico-sdk/sdk/2.1.1/src/rp2_common/pico_printf/printf.c.obj
 .bss.load_value
                0x200024e8        0x4 CMakeFiles/joystick_read.dir/C_/Users/gusta/.pico-sdk/sdk/2.1.1/src/rp2_common/hardware_watchdog/watchdog.c.obj
 .bss.next_buffer_ptr
                0x200024ec        0x4 CMakeFiles/joystick_read.dir/C_/Users/gusta/.pico-sdk/sdk/2.1.1/lib/tinyusb/src/portable/raspberrypi/rp2040/dcd_rp2040.c.obj
 .bss.object.0  0x200024f0       0x18 C:/Users/gusta/.pico-sdk/toolchain/14_2_Rel1/bin/../lib/gcc/arm-none-eabi/14.2.1/thumb/v6-m/nofp/crtbegin.o
 .bss.one_shot_timer_crit_sec
                0x20002508        0x8 CMakeFiles/joystick_read.dir/C_/Users/gusta/.pico-sdk/sdk/2.1.1/src/rp2_common/pico_stdio_usb/stdio_usb.c.obj
 .bss.pools     0x20002510       0x10 CMakeFiles/joystick_read.dir/C_/Users/gusta/.pico-sdk/sdk/2.1.1/src/common/pico_time/time.c.obj
 .bss.retrieved_id
                0x20002520        0x8 CMakeFiles/joystick_read.dir/C_/Users/gusta/.pico-sdk/sdk/2.1.1/src/rp2_common/pico_unique_id/unique_id.c.obj
 .bss.sf_clz_func
                0x20002528        0x4 CMakeFiles/joystick_read.dir/C_/Users/gusta/.pico-sdk/sdk/2.1.1/src/rp2_common/pico_double/double_init_rom_rp2040.c.obj
                0x20002528                sf_clz_func
 .bss.sf_table  0x2000252c      0x100 CMakeFiles/joystick_read.dir/C_/Users/gusta/.pico-sdk/sdk/2.1.1/src/rp2_common/pico_float/float_init_rom_rp2040.c.obj
                0x2000252c                sf_table
 .bss.sleep_notifier
                0x2000262c        0x4 CMakeFiles/joystick_read.dir/C_/Users/gusta/.pico-sdk/sdk/2.1.1/src/common/pico_time/time.c.obj
 .bss.stdio_usb_mutex
                0x20002630        0x8 CMakeFiles/joystick_read.dir/C_/Users/gusta/.pico-sdk/sdk/2.1.1/src/rp2_common/pico_stdio_usb/stdio_usb.c.obj
 .bss.usbd_serial_str
                0x20002638       0x11 CMakeFiles/joystick_read.dir/C_/Users/gusta/.pico-sdk/sdk/2.1.1/src/rp2_common/pico_stdio_usb/stdio_usb_descriptors.c.obj
 .bss._app_driver_count
                0x20002649        0x1 CMakeFiles/joystick_read.dir/C_/Users/gusta/.pico-sdk/sdk/2.1.1/lib/tinyusb/src/device/usbd.c.obj
 .bss._sof_enable